../../Drivers/STM32F0xx_HAL_Driver/Inc/stm32f0xx_ll_gpio.h:664:22:LL_GPIO_LockPin	8	static
C:/Users/tarak/Downloads/Dribbler Motor - HALL sensing with high-speed logging/Src/mc_tasks.c:522:13:FOC_Clear	16	static
C:/Users/tarak/Downloads/Dribbler Motor - HALL sensing with high-speed logging/Src/mc_tasks.c:105:13:MCboot	40	static
C:/Users/tarak/Downloads/Dribbler Motor - HALL sensing with high-speed logging/Src/mc_tasks.c:558:13:FOC_InitAdditionalMethods	0	static
C:/Users/tarak/Downloads/Dribbler Motor - HALL sensing with high-speed logging/Src/mc_tasks.c:581:13:FOC_CalcCurrRef	8	static
C:/Users/tarak/Downloads/Dribbler Motor - HALL sensing with high-speed logging/Src/mc_tasks.c:608:13:TSK_SetChargeBootCapDelayM1	0	static
C:/Users/tarak/Downloads/Dribbler Motor - HALL sensing with high-speed logging/Src/mc_tasks.c:619:13:TSK_ChargeBootCapDelayHasElapsedM1	0	static
C:/Users/tarak/Downloads/Dribbler Motor - HALL sensing with high-speed logging/Src/mc_tasks.c:635:13:TSK_SetStopPermanencyTimeM1	0	static
C:/Users/tarak/Downloads/Dribbler Motor - HALL sensing with high-speed logging/Src/mc_tasks.c:230:6:TSK_MF_StopProcessing	16	static
C:/Users/tarak/Downloads/Dribbler Motor - HALL sensing with high-speed logging/Src/mc_tasks.c:646:13:TSK_StopPermanencyTimeHasElapsedM1	0	static
C:/Users/tarak/Downloads/Dribbler Motor - HALL sensing with high-speed logging/Src/mc_tasks.c:327:13:TSK_MediumFrequencyTaskM1	32	static
C:/Users/tarak/Downloads/Dribbler Motor - HALL sensing with high-speed logging/Src/mc_tasks.c:245:13:MC_Scheduler	16	static
C:/Users/tarak/Downloads/Dribbler Motor - HALL sensing with high-speed logging/Src/mc_tasks.c:672:16:TSK_HighFrequencyTask	56	static
C:/Users/tarak/Downloads/Dribbler Motor - HALL sensing with high-speed logging/Src/mc_tasks.c:797:13:TSK_SafetyTask_PWMOFF	32	static
C:/Users/tarak/Downloads/Dribbler Motor - HALL sensing with high-speed logging/Src/mc_tasks.c:772:13:TSK_SafetyTask	8	static
C:/Users/tarak/Downloads/Dribbler Motor - HALL sensing with high-speed logging/Src/mc_tasks.c:208:13:MC_RunMotorControlTasks	8	static
C:/Users/tarak/Downloads/Dribbler Motor - HALL sensing with high-speed logging/Src/mc_tasks.c:853:22:GetMCI	0	static
C:/Users/tarak/Downloads/Dribbler Motor - HALL sensing with high-speed logging/Src/mc_tasks.c:873:13:TSK_HardwareFaultTask	8	static
C:/Users/tarak/Downloads/Dribbler Motor - HALL sensing with high-speed logging/Src/mc_tasks.c:886:13:UI_HandleStartStopButton_cb	8	static
C:/Users/tarak/Downloads/Dribbler Motor - HALL sensing with high-speed logging/Src/mc_tasks.c:904:13:mc_lock_pins	16	static
