C:/Users/tarak/Downloads/Dribbler Motor - HALL sensing with high-speed logging/Src/stm32f0xx_mc_it.c:75:6:DMA1_Channel1_IRQHandler	8	static
C:/Users/tarak/Downloads/Dribbler Motor - HALL sensing with high-speed logging/Src/stm32f0xx_mc_it.c:98:6:TIM1_BRK_UP_TRG_COM_IRQHandler	8	static
C:/Users/tarak/Downloads/Dribbler Motor - HALL sensing with high-speed logging/Src/stm32f0xx_mc_it.c:134:6:DMA1_Channel4_5_IRQHandler	8	static
C:/Users/tarak/Downloads/Dribbler Motor - HALL sensing with high-speed logging/Src/stm32f0xx_mc_it.c:157:6:TIM2_IRQHandler	8	static
C:/Users/tarak/Downloads/Dribbler Motor - HALL sensing with high-speed logging/Src/stm32f0xx_mc_it.c:194:6:DMA1_Channel2_3_IRQHandler	8	static
C:/Users/tarak/Downloads/Dribbler Motor - HALL sensing with high-speed logging/Src/stm32f0xx_mc_it.c:203:6:USART1_IRQHandler	8	static,ignoring_inline_asm
C:/Users/tarak/Downloads/Dribbler Motor - HALL sensing with high-speed logging/Src/stm32f0xx_mc_it.c:244:6:HardFault_Handler	8	static
C:/Users/tarak/Downloads/Dribbler Motor - HALL sensing with high-speed logging/Src/stm32f0xx_mc_it.c:262:6:SysTick_Handler	8	static
C:/Users/tarak/Downloads/Dribbler Motor - HALL sensing with high-speed logging/Src/stm32f0xx_mc_it.c:306:6:EXTI4_15_IRQHandler	8	static
