C:/Users/tarak/Downloads/Dribbler Motor - HALL sensing with high-speed logging/MCSDK_v6.2.0-Full/MotorControl/MCSDK/MCLib/Any/Src/pqd_motor_power_measurement.c:65:13:PQD_CalcElMotorPower	8	static
C:/Users/tarak/Downloads/Dribbler Motor - HALL sensing with high-speed logging/MCSDK_v6.2.0-Full/MotorControl/MCSDK/MCLib/Any/Src/pqd_motor_power_measurement.c:98:13:PQD_Clear	0	static
C:/Users/tarak/Downloads/Dribbler Motor - HALL sensing with high-speed logging/MCSDK_v6.2.0-Full/MotorControl/MCSDK/MCLib/Any/Src/pqd_motor_power_measurement.c:123:16:PQD_GetAvrgElMotorPowerW	16	static
