C:/Users/tarak/OneDrive/Documents/ThunderBots/2023-24/FW-stspin/EVSPIN32F02Q1S1_config/MCSDK_v6.2.0-Full/MotorControl/MCSDK/MCLib/Any/Src/ramp_ext_mngr.c:44:6:REMNG_Init	0	static
C:/Users/tarak/OneDrive/Documents/ThunderBots/2023-24/FW-stspin/EVSPIN32F02Q1S1_config/MCSDK_v6.2.0-Full/MotorControl/MCSDK/MCLib/Any/Src/ramp_ext_mngr.c:78:16:REMNG_Calc	16	static
C:/Users/tarak/OneDrive/Documents/ThunderBots/2023-24/FW-stspin/EVSPIN32F02Q1S1_config/MCSDK_v6.2.0-Full/MotorControl/MCSDK/MCLib/Any/Src/ramp_ext_mngr.c:216:16:REMNG_GetValue	8	static
C:/Users/tarak/OneDrive/Documents/ThunderBots/2023-24/FW-stspin/EVSPIN32F02Q1S1_config/MCSDK_v6.2.0-Full/MotorControl/MCSDK/MCLib/Any/Src/ramp_ext_mngr.c:237:13:REMNG_RampCompleted	0	static
C:/Users/tarak/OneDrive/Documents/ThunderBots/2023-24/FW-stspin/EVSPIN32F02Q1S1_config/MCSDK_v6.2.0-Full/MotorControl/MCSDK/MCLib/Any/Src/ramp_ext_mngr.c:268:13:REMNG_StopRamp	0	static
C:/Users/tarak/OneDrive/Documents/ThunderBots/2023-24/FW-stspin/EVSPIN32F02Q1S1_config/MCSDK_v6.2.0-Full/MotorControl/MCSDK/MCLib/Any/Src/ramp_ext_mngr.c:292:17:getScalingFactor	0	static
C:/Users/tarak/OneDrive/Documents/ThunderBots/2023-24/FW-stspin/EVSPIN32F02Q1S1_config/MCSDK_v6.2.0-Full/MotorControl/MCSDK/MCLib/Any/Src/ramp_ext_mngr.c:131:13:REMNG_ExecRamp	32	static
