C:/Users/tarak/OneDrive/Documents/ThunderBots/2023-24/EVSPIN32F02Q1S1_config/MCSDK_v6.2.0-Full/MotorControl/MCSDK/MCLib/Any/Src/enc_align_ctrl.c:45:13:EAC_Init	0	static
C:/Users/tarak/OneDrive/Documents/ThunderBots/2023-24/EVSPIN32F02Q1S1_config/MCSDK_v6.2.0-Full/MotorControl/MCSDK/MCLib/Any/Src/enc_align_ctrl.c:72:13:EAC_StartAlignment	8	static
C:/Users/tarak/OneDrive/Documents/ThunderBots/2023-24/EVSPIN32F02Q1S1_config/MCSDK_v6.2.0-Full/MotorControl/MCSDK/MCLib/Any/Src/enc_align_ctrl.c:119:13:EAC_Exec	8	static
C:/Users/tarak/OneDrive/Documents/ThunderBots/2023-24/EVSPIN32F02Q1S1_config/MCSDK_v6.2.0-Full/MotorControl/MCSDK/MCLib/Any/Src/enc_align_ctrl.c:163:13:EAC_IsAligned	0	static
C:/Users/tarak/OneDrive/Documents/ThunderBots/2023-24/EVSPIN32F02Q1S1_config/MCSDK_v6.2.0-Full/MotorControl/MCSDK/MCLib/Any/Src/enc_align_ctrl.c:177:13:EAC_SetRestartState	0	static
C:/Users/tarak/OneDrive/Documents/ThunderBots/2023-24/EVSPIN32F02Q1S1_config/MCSDK_v6.2.0-Full/MotorControl/MCSDK/MCLib/Any/Src/enc_align_ctrl.c:198:13:EAC_GetRestartState	0	static
