C:/Users/tarak/OneDrive/Documents/ThunderBots/2023-24/EVSPIN32F02Q1S1_config/MCSDK_v6.2.0-Full/MotorControl/MCSDK/MCLib/Any/Src/r_divider_bus_voltage_sensor.c:72:13:RVBS_Clear	12	static
C:/Users/tarak/OneDrive/Documents/ThunderBots/2023-24/EVSPIN32F02Q1S1_config/MCSDK_v6.2.0-Full/MotorControl/MCSDK/MCLib/Any/Src/r_divider_bus_voltage_sensor.c:49:13:RVBS_Init	8	static
C:/Users/tarak/OneDrive/Documents/ThunderBots/2023-24/EVSPIN32F02Q1S1_config/MCSDK_v6.2.0-Full/MotorControl/MCSDK/MCLib/Any/Src/r_divider_bus_voltage_sensor.c:163:17:RVBS_CheckFaultState	8	static
C:/Users/tarak/OneDrive/Documents/ThunderBots/2023-24/EVSPIN32F02Q1S1_config/MCSDK_v6.2.0-Full/MotorControl/MCSDK/MCLib/Any/Src/r_divider_bus_voltage_sensor.c:104:17:RVBS_CalcAvVbus	24	static
