Archive member included to satisfy reference by file (symbol)

C:/ST/STM32CubeIDE_1.13.2/STM32CubeIDE/plugins/com.st.stm32cube.ide.mcu.externaltools.gnu-tools-for-stm32.11.3.rel1.win32_1.1.1.202309131626/tools/bin/../lib/gcc/arm-none-eabi/11.3.1/../../../../arm-none-eabi/lib/thumb/v6-m/nofp\libc_nano.a(libc_a-exit.o)
                              C:/ST/STM32CubeIDE_1.13.2/STM32CubeIDE/plugins/com.st.stm32cube.ide.mcu.externaltools.gnu-tools-for-stm32.11.3.rel1.win32_1.1.1.202309131626/tools/bin/../lib/gcc/arm-none-eabi/11.3.1/../../../../arm-none-eabi/lib/thumb/v6-m/nofp/crt0.o (exit)
C:/ST/STM32CubeIDE_1.13.2/STM32CubeIDE/plugins/com.st.stm32cube.ide.mcu.externaltools.gnu-tools-for-stm32.11.3.rel1.win32_1.1.1.202309131626/tools/bin/../lib/gcc/arm-none-eabi/11.3.1/../../../../arm-none-eabi/lib/thumb/v6-m/nofp\libc_nano.a(libc_a-findfp.o)
                              C:/ST/STM32CubeIDE_1.13.2/STM32CubeIDE/plugins/com.st.stm32cube.ide.mcu.externaltools.gnu-tools-for-stm32.11.3.rel1.win32_1.1.1.202309131626/tools/bin/../lib/gcc/arm-none-eabi/11.3.1/../../../../arm-none-eabi/lib/thumb/v6-m/nofp\libc_nano.a(libc_a-exit.o) (__stdio_exit_handler)
C:/ST/STM32CubeIDE_1.13.2/STM32CubeIDE/plugins/com.st.stm32cube.ide.mcu.externaltools.gnu-tools-for-stm32.11.3.rel1.win32_1.1.1.202309131626/tools/bin/../lib/gcc/arm-none-eabi/11.3.1/../../../../arm-none-eabi/lib/thumb/v6-m/nofp\libc_nano.a(libc_a-fwalk.o)
                              C:/ST/STM32CubeIDE_1.13.2/STM32CubeIDE/plugins/com.st.stm32cube.ide.mcu.externaltools.gnu-tools-for-stm32.11.3.rel1.win32_1.1.1.202309131626/tools/bin/../lib/gcc/arm-none-eabi/11.3.1/../../../../arm-none-eabi/lib/thumb/v6-m/nofp\libc_nano.a(libc_a-findfp.o) (_fwalk_sglue)
C:/ST/STM32CubeIDE_1.13.2/STM32CubeIDE/plugins/com.st.stm32cube.ide.mcu.externaltools.gnu-tools-for-stm32.11.3.rel1.win32_1.1.1.202309131626/tools/bin/../lib/gcc/arm-none-eabi/11.3.1/../../../../arm-none-eabi/lib/thumb/v6-m/nofp\libc_nano.a(libc_a-stdio.o)
                              C:/ST/STM32CubeIDE_1.13.2/STM32CubeIDE/plugins/com.st.stm32cube.ide.mcu.externaltools.gnu-tools-for-stm32.11.3.rel1.win32_1.1.1.202309131626/tools/bin/../lib/gcc/arm-none-eabi/11.3.1/../../../../arm-none-eabi/lib/thumb/v6-m/nofp\libc_nano.a(libc_a-findfp.o) (__sread)
C:/ST/STM32CubeIDE_1.13.2/STM32CubeIDE/plugins/com.st.stm32cube.ide.mcu.externaltools.gnu-tools-for-stm32.11.3.rel1.win32_1.1.1.202309131626/tools/bin/../lib/gcc/arm-none-eabi/11.3.1/../../../../arm-none-eabi/lib/thumb/v6-m/nofp\libc_nano.a(libc_a-memset.o)
                              C:/ST/STM32CubeIDE_1.13.2/STM32CubeIDE/plugins/com.st.stm32cube.ide.mcu.externaltools.gnu-tools-for-stm32.11.3.rel1.win32_1.1.1.202309131626/tools/bin/../lib/gcc/arm-none-eabi/11.3.1/../../../../arm-none-eabi/lib/thumb/v6-m/nofp/crt0.o (memset)
C:/ST/STM32CubeIDE_1.13.2/STM32CubeIDE/plugins/com.st.stm32cube.ide.mcu.externaltools.gnu-tools-for-stm32.11.3.rel1.win32_1.1.1.202309131626/tools/bin/../lib/gcc/arm-none-eabi/11.3.1/../../../../arm-none-eabi/lib/thumb/v6-m/nofp\libc_nano.a(libc_a-closer.o)
                              C:/ST/STM32CubeIDE_1.13.2/STM32CubeIDE/plugins/com.st.stm32cube.ide.mcu.externaltools.gnu-tools-for-stm32.11.3.rel1.win32_1.1.1.202309131626/tools/bin/../lib/gcc/arm-none-eabi/11.3.1/../../../../arm-none-eabi/lib/thumb/v6-m/nofp\libc_nano.a(libc_a-stdio.o) (_close_r)
C:/ST/STM32CubeIDE_1.13.2/STM32CubeIDE/plugins/com.st.stm32cube.ide.mcu.externaltools.gnu-tools-for-stm32.11.3.rel1.win32_1.1.1.202309131626/tools/bin/../lib/gcc/arm-none-eabi/11.3.1/../../../../arm-none-eabi/lib/thumb/v6-m/nofp\libc_nano.a(libc_a-reent.o)
                              C:/ST/STM32CubeIDE_1.13.2/STM32CubeIDE/plugins/com.st.stm32cube.ide.mcu.externaltools.gnu-tools-for-stm32.11.3.rel1.win32_1.1.1.202309131626/tools/bin/../lib/gcc/arm-none-eabi/11.3.1/../../../../arm-none-eabi/lib/thumb/v6-m/nofp\libc_nano.a(libc_a-closer.o) (errno)
C:/ST/STM32CubeIDE_1.13.2/STM32CubeIDE/plugins/com.st.stm32cube.ide.mcu.externaltools.gnu-tools-for-stm32.11.3.rel1.win32_1.1.1.202309131626/tools/bin/../lib/gcc/arm-none-eabi/11.3.1/../../../../arm-none-eabi/lib/thumb/v6-m/nofp\libc_nano.a(libc_a-impure.o)
                              C:/ST/STM32CubeIDE_1.13.2/STM32CubeIDE/plugins/com.st.stm32cube.ide.mcu.externaltools.gnu-tools-for-stm32.11.3.rel1.win32_1.1.1.202309131626/tools/bin/../lib/gcc/arm-none-eabi/11.3.1/../../../../arm-none-eabi/lib/thumb/v6-m/nofp\libc_nano.a(libc_a-reent.o) (_impure_ptr)
C:/ST/STM32CubeIDE_1.13.2/STM32CubeIDE/plugins/com.st.stm32cube.ide.mcu.externaltools.gnu-tools-for-stm32.11.3.rel1.win32_1.1.1.202309131626/tools/bin/../lib/gcc/arm-none-eabi/11.3.1/../../../../arm-none-eabi/lib/thumb/v6-m/nofp\libc_nano.a(libc_a-lseekr.o)
[...]
Memory Configuration

Name             Origin             Length             Attributes
RAM              0x0000000020000000 0x0000000000001000 xrw
FLASH            0x0000000008000000 0x0000000000008000 xr
*default*        0x0000000000000000 0xffffffffffffffff

Linker script and memory map

LOAD C:/ST/STM32CubeIDE_1.13.2/STM32CubeIDE/plugins/com.st.stm32cube.ide.mcu.externaltools.gnu-tools-for-stm32.11.3.rel1.win32_1.1.1.202309131626/tools/bin/../lib/gcc/arm-none-eabi/11.3.1/thumb/v6-m/nofp/crti.o
LOAD C:/ST/STM32CubeIDE_1.13.2/STM32CubeIDE/plugins/com.st.stm32cube.ide.mcu.externaltools.gnu-tools-for-stm32.11.3.rel1.win32_1.1.1.202309131626/tools/bin/../lib/gcc/arm-none-eabi/11.3.1/thumb/v6-m/nofp/crtbegin.o
LOAD C:/ST/STM32CubeIDE_1.13.2/STM32CubeIDE/plugins/com.st.stm32cube.ide.mcu.externaltools.gnu-tools-for-stm32.11.3.rel1.win32_1.1.1.202309131626/tools/bin/../lib/gcc/arm-none-eabi/11.3.1/../../../../arm-none-eabi/lib/thumb/v6-m/nofp/crt0.o
LOAD ./Application/Startup/startup_stm32f031c6tx.o
LOAD ./Application/User/aspep.o
LOAD ./Application/User/hall_speed_pos_fdbk.o
LOAD ./Application/User/main.o
LOAD ./Application/User/mc_api.o
LOAD ./Application/User/mc_app_hooks.o
LOAD ./Application/User/mc_config.o
LOAD ./Application/User/mc_configuration_registers.o
LOAD ./Application/User/mc_interface.o
LOAD ./Application/User/mc_math.o
LOAD ./Application/User/mc_parameters.o
LOAD ./Application/User/mc_tasks.o
LOAD ./Application/User/mcp.o
LOAD ./Application/User/mcp_config.o
LOAD ./Application/User/motorcontrol.o
LOAD ./Application/User/pwm_curr_fdbk.o
LOAD ./Application/User/r1_ps_pwm_curr_fdbk.o
LOAD ./Application/User/register_interface.o
LOAD ./Application/User/regular_conversion_manager.o
LOAD ./Application/User/stm32f0xx_hal_msp.o
LOAD ./Application/User/stm32f0xx_it.o
LOAD ./Application/User/stm32f0xx_mc_it.o
LOAD ./Application/User/syscalls.o
LOAD ./Application/User/sysmem.o
LOAD ./Application/User/usart_aspep_driver.o
LOAD ./Drivers/CMSIS/system_stm32f0xx.o
LOAD ./Drivers/STM32F0xx_HAL_Driver/stm32f0xx_hal.o
LOAD ./Drivers/STM32F0xx_HAL_Driver/stm32f0xx_hal_adc.o
LOAD ./Drivers/STM32F0xx_HAL_Driver/stm32f0xx_hal_adc_ex.o
LOAD ./Drivers/STM32F0xx_HAL_Driver/stm32f0xx_hal_cortex.o
LOAD ./Drivers/STM32F0xx_HAL_Driver/stm32f0xx_hal_dma.o
LOAD ./Drivers/STM32F0xx_HAL_Driver/stm32f0xx_hal_exti.o
LOAD ./Drivers/STM32F0xx_HAL_Driver/stm32f0xx_hal_flash.o
LOAD ./Drivers/STM32F0xx_HAL_Driver/stm32f0xx_hal_flash_ex.o
LOAD ./Drivers/STM32F0xx_HAL_Driver/stm32f0xx_hal_gpio.o
LOAD ./Drivers/STM32F0xx_HAL_Driver/stm32f0xx_hal_i2c.o
LOAD ./Drivers/STM32F0xx_HAL_Driver/stm32f0xx_hal_i2c_ex.o
LOAD ./Drivers/STM32F0xx_HAL_Driver/stm32f0xx_hal_pwr.o
LOAD ./Drivers/STM32F0xx_HAL_Driver/stm32f0xx_hal_pwr_ex.o
LOAD ./Drivers/STM32F0xx_HAL_Driver/stm32f0xx_hal_rcc.o
LOAD ./Drivers/STM32F0xx_HAL_Driver/stm32f0xx_hal_rcc_ex.o
LOAD ./Drivers/STM32F0xx_HAL_Driver/stm32f0xx_hal_tim.o
LOAD ./Drivers/STM32F0xx_HAL_Driver/stm32f0xx_hal_tim_ex.o
LOAD ./Drivers/STM32F0xx_HAL_Driver/stm32f0xx_hal_uart.o
LOAD ./Drivers/STM32F0xx_HAL_Driver/stm32f0xx_hal_uart_ex.o
LOAD ./Middlewares/MotorControl/bus_voltage_sensor.o
LOAD ./Middlewares/MotorControl/circle_limitation.o
LOAD ./Middlewares/MotorControl/digital_output.o
LOAD ./Middlewares/MotorControl/mcpa.o
LOAD ./Middlewares/MotorControl/ntc_temperature_sensor.o
LOAD ./Middlewares/MotorControl/open_loop.o
LOAD ./Middlewares/MotorControl/pid_regulator.o
LOAD ./Middlewares/MotorControl/pqd_motor_power_measurement.o
LOAD ./Middlewares/MotorControl/pwm_common.o
LOAD ./Middlewares/MotorControl/r_divider_bus_voltage_sensor.o
LOAD ./Middlewares/MotorControl/ramp_ext_mngr.o
LOAD ./Middlewares/MotorControl/revup_ctrl.o
LOAD ./Middlewares/MotorControl/speed_pos_fdbk.o
LOAD ./Middlewares/MotorControl/speed_torq_ctrl.o
LOAD ./Middlewares/MotorControl/virtual_speed_sensor.o
START GROUP
LOAD C:/ST/STM32CubeIDE_1.13.2/STM32CubeIDE/plugins/com.st.stm32cube.ide.mcu.externaltools.gnu-tools-for-stm32.11.3.rel1.win32_1.1.1.202309131626/tools/bin/../lib/gcc/arm-none-eabi/11.3.1/../../../../arm-none-eabi/lib/thumb/v6-m/nofp\libc_nano.a
LOAD C:/ST/STM32CubeIDE_1.13.2/STM32CubeIDE/plugins/com.st.stm32cube.ide.mcu.externaltools.gnu-tools-for-stm32.11.3.rel1.win32_1.1.1.202309131626/tools/bin/../lib/gcc/arm-none-eabi/11.3.1/../../../../arm-none-eabi/lib/thumb/v6-m/nofp\libm.a
END GROUP
START GROUP
LOAD C:/ST/STM32CubeIDE_1.13.2/STM32CubeIDE/plugins/com.st.stm32cube.ide.mcu.externaltools.gnu-tools-for-stm32.11.3.rel1.win32_1.1.1.202309131626/tools/bin/../lib/gcc/arm-none-eabi/11.3.1/thumb/v6-m/nofp\libgcc.a
LOAD C:/ST/STM32CubeIDE_1.13.2/STM32CubeIDE/plugins/com.st.stm32cube.ide.mcu.externaltools.gnu-tools-for-stm32.11.3.rel1.win32_1.1.1.202309131626/tools/bin/../lib/gcc/arm-none-eabi/11.3.1/../../../../arm-none-eabi/lib/thumb/v6-m/nofp\libc_nano.a
END GROUP
START GROUP
LOAD C:/ST/STM32CubeIDE_1.13.2/STM32CubeIDE/plugins/com.st.stm32cube.ide.mcu.externaltools.gnu-tools-for-stm32.11.3.rel1.win32_1.1.1.202309131626/tools/bin/../lib/gcc/arm-none-eabi/11.3.1/thumb/v6-m/nofp\libgcc.a
LOAD C:/ST/STM32CubeIDE_1.13.2/STM32CubeIDE/plugins/com.st.stm32cube.ide.mcu.externaltools.gnu-tools-for-stm32.11.3.rel1.win32_1.1.1.202309131626/tools/bin/../lib/gcc/arm-none-eabi/11.3.1/../../../../arm-none-eabi/lib/thumb/v6-m/nofp\libc_nano.a
LOAD C:/ST/STM32CubeIDE_1.13.2/STM32CubeIDE/plugins/com.st.stm32cube.ide.mcu.externaltools.gnu-tools-for-stm32.11.3.rel1.win32_1.1.1.202309131626/tools/bin/../lib/gcc/arm-none-eabi/11.3.1/../../../../arm-none-eabi/lib/thumb/v6-m/nofp\libnosys.a
END GROUP
START GROUP
LOAD C:/ST/STM32CubeIDE_1.13.2/STM32CubeIDE/plugins/com.st.stm32cube.ide.mcu.externaltools.gnu-tools-for-stm32.11.3.rel1.win32_1.1.1.202309131626/tools/bin/../lib/gcc/arm-none-eabi/11.3.1/thumb/v6-m/nofp\libgcc.a
LOAD C:/ST/STM32CubeIDE_1.13.2/STM32CubeIDE/plugins/com.st.stm32cube.ide.mcu.externaltools.gnu-tools-for-stm32.11.3.rel1.win32_1.1.1.202309131626/tools/bin/../lib/gcc/arm-none-eabi/11.3.1/../../../../arm-none-eabi/lib/thumb/v6-m/nofp\libc_nano.a
LOAD C:/ST/STM32CubeIDE_1.13.2/STM32CubeIDE/plugins/com.st.stm32cube.ide.mcu.externaltools.gnu-tools-for-stm32.11.3.rel1.win32_1.1.1.202309131626/tools/bin/../lib/gcc/arm-none-eabi/11.3.1/../../../../arm-none-eabi/lib/thumb/v6-m/nofp\libnosys.a
END GROUP
LOAD C:/ST/STM32CubeIDE_1.13.2/STM32CubeIDE/plugins/com.st.stm32cube.ide.mcu.externaltools.gnu-tools-for-stm32.11.3.rel1.win32_1.1.1.202309131626/tools/bin/../lib/gcc/arm-none-eabi/11.3.1/thumb/v6-m/nofp/crtend.o
LOAD C:/ST/STM32CubeIDE_1.13.2/STM32CubeIDE/plugins/com.st.stm32cube.ide.mcu.externaltools.gnu-tools-for-stm32.11.3.rel1.win32_1.1.1.202309131626/tools/bin/../lib/gcc/arm-none-eabi/11.3.1/thumb/v6-m/nofp/crtn.o
                0x0000000020001000                _estack = (ORIGIN (RAM) + LENGTH (RAM))
                0x0000000000000080                _Min_Heap_Size = 0x80
                0x0000000000000400                _Min_Stack_Size = 0x400

.isr_vector     0x0000000008000000       0xc0
                0x0000000008000000                . = ALIGN (0x4)
 *(.isr_vector)
 .isr_vector    0x0000000008000000       0xc0 ./Application/Startup/startup_stm32f031c6tx.o
                0x0000000008000000                g_pfnVectors
                0x00000000080000c0                . = ALIGN (0x4)

.text           0x00000000080000c0     0x64cc
                0x00000000080000c0                . = ALIGN (0x4)
 *(.text)
 .text          0x00000000080000c0       0x48 C:/ST/STM32CubeIDE_1.13.2/STM32CubeIDE/plugins/com.st.stm32cube.ide.mcu.externaltools.gnu-tools-for-stm32.11.3.rel1.win32_1.1.1.202309131626/tools/bin/../lib/gcc/arm-none-eabi/11.3.1/thumb/v6-m/nofp/crtbegin.o
 .text          0x0000000008000108       0x14 C:/ST/STM32CubeIDE_1.13.2/STM32CubeIDE/plugins/com.st.stm32cube.ide.mcu.externaltools.gnu-tools-for-stm32.11.3.rel1.win32_1.1.1.202309131626/tools/bin/../lib/gcc/arm-none-eabi/11.3.1/thumb/v6-m/nofp\libgcc.a(_thumb1_case_sqi.o)
                0x0000000008000108                __gnu_thumb1_case_sqi
 .text          0x000000000800011c       0x14 C:/ST/STM32CubeIDE_1.13.2/STM32CubeIDE/plugins/com.st.stm32cube.ide.mcu.externaltools.gnu-tools-for-stm32.11.3.rel1.win32_1.1.1.202309131626/tools/bin/../lib/gcc/arm-none-eabi/11.3.1/thumb/v6-m/nofp\libgcc.a(_thumb1_case_uqi.o)
                0x000000000800011c                __gnu_thumb1_case_uqi
 .text          0x0000000008000130      0x114 C:/ST/STM32CubeIDE_1.13.2/STM32CubeIDE/plugins/com.st.stm32cube.ide.mcu.externaltools.gnu-tools-for-stm32.11.3.rel1.win32_1.1.1.202309131626/tools/bin/../lib/gcc/arm-none-eabi/11.3.1/thumb/v6-m/nofp\libgcc.a(_udivsi3.o)
                0x0000000008000130                __aeabi_uidiv
                0x0000000008000130                __udivsi3
                0x000000000800023c                __aeabi_uidivmod
 .text          0x0000000008000244      0x1d4 C:/ST/STM32CubeIDE_1.13.2/STM32CubeIDE/plugins/com.st.stm32cube.ide.mcu.externaltools.gnu-tools-for-stm32.11.3.rel1.win32_1.1.1.202309131626/tools/bin/../lib/gcc/arm-none-eabi/11.3.1/thumb/v6-m/nofp\libgcc.a(_divsi3.o)
                0x0000000008000244                __divsi3
                0x0000000008000244                __aeabi_idiv
                0x0000000008000410                __aeabi_idivmod
 .text          0x0000000008000418        0x4 C:/ST/STM32CubeIDE_1.13.2/STM32CubeIDE/plugins/com.st.stm32cube.ide.mcu.externaltools.gnu-tools-for-stm32.11.3.rel1.win32_1.1.1.202309131626/tools/bin/../lib/gcc/arm-none-eabi/11.3.1/thumb/v6-m/nofp\libgcc.a(_dvmd_tls.o)
                0x0000000008000418                __aeabi_idiv0
                0x0000000008000418                __aeabi_ldiv0
 .text          0x000000000800041c      0x29c C:/ST/STM32CubeIDE_1.13.2/STM32CubeIDE/plugins/com.st.stm32cube.ide.mcu.externaltools.gnu-tools-for-stm32.11.3.rel1.win32_1.1.1.202309131626/tools/bin/../lib/gcc/arm-none-eabi/11.3.1/thumb/v6-m/nofp\libgcc.a(mulsf3.o)
                0x000000000800041c                __aeabi_fmul
 .text          0x00000000080006b8       0xa4 C:/ST/STM32CubeIDE_1.13.2/STM32CubeIDE/plugins/com.st.stm32cube.ide.mcu.externaltools.gnu-tools-for-stm32.11.3.rel1.win32_1.1.1.202309131626/tools/bin/../lib/gcc/arm-none-eabi/11.3.1/thumb/v6-m/nofp\libgcc.a(floatsisf.o)
                0x00000000080006b8                __aeabi_i2f
 .text          0x000000000800075c       0x90 C:/ST/STM32CubeIDE_1.13.2/STM32CubeIDE/plugins/com.st.stm32cube.ide.mcu.externaltools.gnu-tools-for-stm32.11.3.rel1.win32_1.1.1.202309131626/tools/bin/../lib/gcc/arm-none-eabi/11.3.1/thumb/v6-m/nofp\libgcc.a(floatunsisf.o)
                0x000000000800075c                __aeabi_ui2f
 .text          0x00000000080007ec       0x3c C:/ST/STM32CubeIDE_1.13.2/STM32CubeIDE/plugins/com.st.stm32cube.ide.mcu.externaltools.gnu-tools-for-stm32.11.3.rel1.win32_1.1.1.202309131626/tools/bin/../lib/gcc/arm-none-eabi/11.3.1/thumb/v6-m/nofp\libgcc.a(_clzsi2.o)
                0x00000000080007ec                __clzsi2
 *(.text*)
 .text.Reset_Handler
                0x0000000008000828       0x50 ./Application/Startup/startup_stm32f031c6tx.o
                0x0000000008000828                Reset_Handler
 .text.Default_Handler
                0x0000000008000878        0x2 ./Application/Startup/startup_stm32f031c6tx.o
                0x0000000008000878                TIM1_CC_IRQHandler
                0x0000000008000878                PVD_IRQHandler
                0x0000000008000878                I2C1_IRQHandler
                0x0000000008000878                SPI1_IRQHandler
                0x0000000008000878                EXTI2_3_IRQHandler
                0x0000000008000878                ADC1_IRQHandler
                0x0000000008000878                TIM17_IRQHandler
                0x0000000008000878                RTC_IRQHandler
                0x0000000008000878                TIM16_IRQHandler
                0x0000000008000878                TIM3_IRQHandler
                0x0000000008000878                RCC_IRQHandler
                0x0000000008000878                Default_Handler
                0x0000000008000878                TIM14_IRQHandler
                0x0000000008000878                EXTI0_1_IRQHandler
                0x0000000008000878                SVC_Handler
                0x0000000008000878                WWDG_IRQHandler
                0x0000000008000878                FLASH_IRQHandler
 *fill*         0x000000000800087a        0x2 
 .text.ASPEP_TXframeProcess
                0x000000000800087c       0xcc ./Application/User/aspep.o
 .text.ASPEP_CheckBeacon.constprop.0
                0x0000000008000948       0xa8 ./Application/User/aspep.o
 .text.ASPEP_start
                0x00000000080009f0       0x24 ./Application/User/aspep.o
                0x00000000080009f0                ASPEP_start
 .text.ASPEP_sendBeacon
                0x0000000008000a14       0x32 ./Application/User/aspep.o
                0x0000000008000a14                ASPEP_sendBeacon
 .text.ASPEP_sendPing
                0x0000000008000a46       0x40 ./Application/User/aspep.o
                0x0000000008000a46                ASPEP_sendPing
 .text.ASPEP_getBuffer
                0x0000000008000a86       0x54 ./Application/User/aspep.o
                0x0000000008000a86                ASPEP_getBuffer
 .text.ASPEP_sendPacket
                0x0000000008000ada       0x52 ./Application/User/aspep.o
                0x0000000008000ada                ASPEP_sendPacket
 .text.ASPEP_HWDataTransmittedIT
                0x0000000008000b2c       0x8e ./Application/User/aspep.o
                0x0000000008000b2c                ASPEP_HWDataTransmittedIT
 .text.ASPEP_RXframeProcess
                0x0000000008000bba      0x124 ./Application/User/aspep.o
                0x0000000008000bba                ASPEP_RXframeProcess
 *fill*         0x0000000008000cde        0x2 
 .text.ASPEP_HWDataReceivedIT
                0x0000000008000ce0       0x9c ./Application/User/aspep.o
                0x0000000008000ce0                ASPEP_HWDataReceivedIT
 .text.ASPEP_HWDMAReset
                0x0000000008000d7c       0x18 ./Application/User/aspep.o
                0x0000000008000d7c                ASPEP_HWDMAReset
 .text.HALL_Init_Electrical_Angle
                0x0000000008000d94       0xd0 ./Application/User/hall_speed_pos_fdbk.o
 .text.HALL_Init
                0x0000000008000e64      0x118 ./Application/User/hall_speed_pos_fdbk.o
                0x0000000008000e64                HALL_Init
 .text.HALL_Clear
                0x0000000008000f7c       0x4e ./Application/User/hall_speed_pos_fdbk.o
                0x0000000008000f7c                HALL_Clear
 *fill*         0x0000000008000fca        0x2 
 .text.HALL_CalcElAngle
                0x0000000008000fcc       0x8c ./Application/User/hall_speed_pos_fdbk.o
                0x0000000008000fcc                HALL_CalcElAngle
 .text.HALL_CalcAvrgMecSpeedUnit
                0x0000000008001058       0xa0 ./Application/User/hall_speed_pos_fdbk.o
                0x0000000008001058                HALL_CalcAvrgMecSpeedUnit
 .text.HALL_TIMx_CC_IRQHandler
                0x00000000080010f8      0x2c4 ./Application/User/hall_speed_pos_fdbk.o
                0x00000000080010f8                HALL_TIMx_CC_IRQHandler
 .text.HALL_TIMx_UP_IRQHandler
                0x00000000080013bc       0x86 ./Application/User/hall_speed_pos_fdbk.o
                0x00000000080013bc                HALL_TIMx_UP_IRQHandler
 .text.SystemClock_Config
                0x0000000008001442       0x82 ./Application/User/main.o
                0x0000000008001442                SystemClock_Config
 .text.startup.main
                0x00000000080014c4      0x370 ./Application/User/main.o
                0x00000000080014c4                main
 .text.Error_Handler
                0x0000000008001834        0x4 ./Application/User/main.o
                0x0000000008001834                Error_Handler
 .text.MC_StartMotor1
                0x0000000008001838       0x10 ./Application/User/mc_api.o
                0x0000000008001838                MC_StartMotor1
 .text.MC_StopMotor1
                0x0000000008001848       0x10 ./Application/User/mc_api.o
                0x0000000008001848                MC_StopMotor1
 .text.MC_GetSTMStateMotor1
                0x0000000008001858       0x10 ./Application/User/mc_api.o
                0x0000000008001858                MC_GetSTMStateMotor1
 .text.MC_ProfilerCommand
                0x0000000008001868        0x4 ./Application/User/mc_api.o
                0x0000000008001868                MC_ProfilerCommand
 .text.MC_APP_BootHook
                0x000000000800186c        0x2 ./Application/User/mc_app_hooks.o
                0x000000000800186c                MC_APP_BootHook
 .text.MC_APP_PostMediumFrequencyHook_M1
                0x000000000800186e        0x2 ./Application/User/mc_app_hooks.o
                0x000000000800186e                MC_APP_PostMediumFrequencyHook_M1
 .text.MCI_Init
                0x0000000008001870       0x18 ./Application/User/mc_interface.o
                0x0000000008001870                MCI_Init
 .text.MCI_ExecSpeedRamp
                0x0000000008001888       0x14 ./Application/User/mc_interface.o
                0x0000000008001888                MCI_ExecSpeedRamp
 .text.MCI_ExecTorqueRamp
                0x000000000800189c       0x14 ./Application/User/mc_interface.o
                0x000000000800189c                MCI_ExecTorqueRamp
 .text.MCI_FaultProcessing
                0x00000000080018b0       0x10 ./Application/User/mc_interface.o
                0x00000000080018b0                MCI_FaultProcessing
 .text.MCI_ExecBufferedCommands
                0x00000000080018c0       0x70 ./Application/User/mc_interface.o
                0x00000000080018c0                MCI_ExecBufferedCommands
 .text.MCI_GetSTMState
                0x0000000008001930        0x4 ./Application/User/mc_interface.o
                0x0000000008001930                MCI_GetSTMState
 .text.MCI_GetOccurredFaults
                0x0000000008001934        0x4 ./Application/User/mc_interface.o
                0x0000000008001934                MCI_GetOccurredFaults
 .text.MCI_GetCurrentFaults
                0x0000000008001938        0x4 ./Application/User/mc_interface.o
                0x0000000008001938                MCI_GetCurrentFaults
 .text.MCI_StartMotor
                0x000000000800193c       0x2e ./Application/User/mc_interface.o
                0x000000000800193c                MCI_StartMotor
 .text.MCI_StartWithPolarizationMotor
                0x000000000800196a       0x34 ./Application/User/mc_interface.o
                0x000000000800196a                MCI_StartWithPolarizationMotor
 .text.MCI_StopMotor
                0x000000000800199e       0x3a ./Application/User/mc_interface.o
                0x000000000800199e                MCI_StopMotor
 .text.MCI_FaultAcknowledged
                0x00000000080019d8       0x24 ./Application/User/mc_interface.o
                0x00000000080019d8                MCI_FaultAcknowledged
 .text.MCI_GetFaultState
                0x00000000080019fc        0xa ./Application/User/mc_interface.o
                0x00000000080019fc                MCI_GetFaultState
 .text.MCI_GetControlMode
                0x0000000008001a06        0x6 ./Application/User/mc_interface.o
                0x0000000008001a06                MCI_GetControlMode
 .text.MCI_GetLastRampFinalSpeed
                0x0000000008001a0c        0x6 ./Application/User/mc_interface.o
                0x0000000008001a0c                MCI_GetLastRampFinalSpeed
 .text.MCI_GetLastRampFinalDuration
                0x0000000008001a12        0x4 ./Application/User/mc_interface.o
                0x0000000008001a12                MCI_GetLastRampFinalDuration
 .text.MCI_StopRamp
                0x0000000008001a16        0xa ./Application/User/mc_interface.o
                0x0000000008001a16                MCI_StopRamp
 .text.MCI_GetAvrgMecSpeedUnit
                0x0000000008001a20        0xe ./Application/User/mc_interface.o
                0x0000000008001a20                MCI_GetAvrgMecSpeedUnit
 .text.MCI_GetMecSpeedRefUnit
                0x0000000008001a2e        0xa ./Application/User/mc_interface.o
                0x0000000008001a2e                MCI_GetMecSpeedRefUnit
 .text.MCI_GetVqd
                0x0000000008001a38       0x1c ./Application/User/mc_interface.o
                0x0000000008001a38                MCI_GetVqd
 .text.MCI_GetValphabeta
                0x0000000008001a54       0x1c ./Application/User/mc_interface.o
                0x0000000008001a54                MCI_GetValphabeta
 .text.MCI_GetTeref
                0x0000000008001a70        0x8 ./Application/User/mc_interface.o
                0x0000000008001a70                MCI_GetTeref
 .text.MCI_Clear_Iqdref
                0x0000000008001a78       0x10 ./Application/User/mc_interface.o
                0x0000000008001a78                MCI_Clear_Iqdref
 .text.MCM_Clarke
                0x0000000008001a88       0x54 ./Application/User/mc_math.o
                0x0000000008001a88                MCM_Clarke
 .text.MCM_Trig_Functions
                0x0000000008001adc       0x8c ./Application/User/mc_math.o
                0x0000000008001adc                MCM_Trig_Functions
 .text.MCM_Park
                0x0000000008001b68       0x88 ./Application/User/mc_math.o
                0x0000000008001b68                MCM_Park
 .text.MCM_Rev_Park
                0x0000000008001bf0       0x32 ./Application/User/mc_math.o
                0x0000000008001bf0                MCM_Rev_Park
 .text.LL_GPIO_LockPin
                0x0000000008001c22       0x18 ./Application/User/mc_tasks.o
 *fill*         0x0000000008001c3a        0x2 
 .text.FOC_Clear
                0x0000000008001c3c       0x64 ./Application/User/mc_tasks.o
                0x0000000008001c3c                FOC_Clear
 .text.MCboot   0x0000000008001ca0      0x10c ./Application/User/mc_tasks.o
                0x0000000008001ca0                MCboot
 .text.FOC_InitAdditionalMethods
                0x0000000008001dac        0x2 ./Application/User/mc_tasks.o
                0x0000000008001dac                FOC_InitAdditionalMethods
 *fill*         0x0000000008001dae        0x2 
 .text.FOC_CalcCurrRef
                0x0000000008001db0       0x2c ./Application/User/mc_tasks.o
                0x0000000008001db0                FOC_CalcCurrRef
 .text.TSK_SetChargeBootCapDelayM1
                0x0000000008001ddc        0xc ./Application/User/mc_tasks.o
                0x0000000008001ddc                TSK_SetChargeBootCapDelayM1
 .text.TSK_ChargeBootCapDelayHasElapsedM1
                0x0000000008001de8       0x10 ./Application/User/mc_tasks.o
                0x0000000008001de8                TSK_ChargeBootCapDelayHasElapsedM1
 .text.TSK_SetStopPermanencyTimeM1
                0x0000000008001df8        0xc ./Application/User/mc_tasks.o
                0x0000000008001df8                TSK_SetStopPermanencyTimeM1
 .text.TSK_MF_StopProcessing
                0x0000000008001e04       0x40 ./Application/User/mc_tasks.o
                0x0000000008001e04                TSK_MF_StopProcessing
 .text.TSK_StopPermanencyTimeHasElapsedM1
                0x0000000008001e44       0x10 ./Application/User/mc_tasks.o
                0x0000000008001e44                TSK_StopPermanencyTimeHasElapsedM1
 .text.TSK_MediumFrequencyTaskM1
                0x0000000008001e54      0x15c ./Application/User/mc_tasks.o
                0x0000000008001e54                TSK_MediumFrequencyTaskM1
 .text.MC_Scheduler
                0x0000000008001fb0       0x94 ./Application/User/mc_tasks.o
                0x0000000008001fb0                MC_Scheduler
 .text.TSK_HighFrequencyTask
                0x0000000008002044      0x12c ./Application/User/mc_tasks.o
                0x0000000008002044                TSK_HighFrequencyTask
 .text.TSK_SafetyTask_PWMOFF
                0x0000000008002170       0x8c ./Application/User/mc_tasks.o
                0x0000000008002170                TSK_SafetyTask_PWMOFF
 .text.TSK_SafetyTask
                0x00000000080021fc       0x1c ./Application/User/mc_tasks.o
                0x00000000080021fc                TSK_SafetyTask
 .text.MC_RunMotorControlTasks
                0x0000000008002218       0x18 ./Application/User/mc_tasks.o
                0x0000000008002218                MC_RunMotorControlTasks
 .text.TSK_HardwareFaultTask
                0x0000000008002230       0x20 ./Application/User/mc_tasks.o
                0x0000000008002230                TSK_HardwareFaultTask
 .text.UI_HandleStartStopButton_cb
                0x0000000008002250       0x16 ./Application/User/mc_tasks.o
                0x0000000008002250                UI_HandleStartStopButton_cb
 *fill*         0x0000000008002266        0x2 
 .text.mc_lock_pins
                0x0000000008002268       0x88 ./Application/User/mc_tasks.o
                0x0000000008002268                mc_lock_pins
 .text.RI_SetRegCommandParser
                0x00000000080022f0       0xcc ./Application/User/mcp.o
                0x00000000080022f0                RI_SetRegCommandParser
 .text.RI_GetRegCommandParser
                0x00000000080023bc       0x98 ./Application/User/mcp.o
                0x00000000080023bc                RI_GetRegCommandParser
 .text.MCP_ReceivedPacket
                0x0000000008002454      0x134 ./Application/User/mcp.o
                0x0000000008002454                MCP_ReceivedPacket
 .text.MX_MotorControl_Init
                0x0000000008002588       0x34 ./Application/User/motorcontrol.o
                0x0000000008002588                MX_MotorControl_Init
 .text.PWMC_GetPhaseCurrents
                0x00000000080025bc        0x8 ./Application/User/pwm_curr_fdbk.o
                0x00000000080025bc                PWMC_GetPhaseCurrents
 .text.PWMC_SetPhaseVoltage
                0x00000000080025c4      0x288 ./Application/User/pwm_curr_fdbk.o
                0x00000000080025c4                PWMC_SetPhaseVoltage
 .text.PWMC_SwitchOffPWM
                0x000000000800284c        0x8 ./Application/User/pwm_curr_fdbk.o
                0x000000000800284c                PWMC_SwitchOffPWM
 .text.PWMC_SwitchOnPWM
                0x0000000008002854        0x8 ./Application/User/pwm_curr_fdbk.o
                0x0000000008002854                PWMC_SwitchOnPWM
 .text.PWMC_CurrentReadingCalibr
                0x000000000800285c       0x3a ./Application/User/pwm_curr_fdbk.o
                0x000000000800285c                PWMC_CurrentReadingCalibr
 .text.PWMC_CalcPhaseCurrentsEst
                0x0000000008002896       0x6e ./Application/User/pwm_curr_fdbk.o
                0x0000000008002896                PWMC_CalcPhaseCurrentsEst
 .text.PWMC_OCP_Handler
                0x0000000008002904       0x3e ./Application/User/pwm_curr_fdbk.o
                0x0000000008002904                PWMC_OCP_Handler
 .text.PWMC_IsFaultOccurred
                0x0000000008002942       0x38 ./Application/User/pwm_curr_fdbk.o
                0x0000000008002942                PWMC_IsFaultOccurred
 *fill*         0x000000000800297a        0x2 
 .text.LL_TIM_OC_DisablePreload
                0x000000000800297c       0x40 ./Application/User/r1_ps_pwm_curr_fdbk.o
 .text.LL_DMA_EnableChannel
                0x00000000080029bc       0x18 ./Application/User/r1_ps_pwm_curr_fdbk.o
 .text.LL_DMA_DisableChannel
                0x00000000080029d4       0x18 ./Application/User/r1_ps_pwm_curr_fdbk.o
 .text.LL_DMA_SetDataLength
                0x00000000080029ec       0x1c ./Application/User/r1_ps_pwm_curr_fdbk.o
 .text.LL_DMA_EnableIT_TC
                0x0000000008002a08       0x18 ./Application/User/r1_ps_pwm_curr_fdbk.o
 .text.R1_1ShuntMotorVarsInit
                0x0000000008002a20       0x72 ./Application/User/r1_ps_pwm_curr_fdbk.o
 *fill*         0x0000000008002a92        0x2 
 .text.R1_GetPhaseCurrents
                0x0000000008002a94      0x254 ./Application/User/r1_ps_pwm_curr_fdbk.o
                0x0000000008002a94                R1_GetPhaseCurrents
 .text.R1_HFCurrentsCalibration
                0x0000000008002ce8       0x42 ./Application/User/r1_ps_pwm_curr_fdbk.o
 *fill*         0x0000000008002d2a        0x2 
 .text.R1_SetADCSampPointPolarization
                0x0000000008002d2c       0x74 ./Application/User/r1_ps_pwm_curr_fdbk.o
 .text.R1_CalcDutyCycles
                0x0000000008002da0      0x310 ./Application/User/r1_ps_pwm_curr_fdbk.o
                0x0000000008002da0                R1_CalcDutyCycles
 .text.R1_Init  0x00000000080030b0      0x1f0 ./Application/User/r1_ps_pwm_curr_fdbk.o
                0x00000000080030b0                R1_Init
 .text.R1_SetOffsetCalib
                0x00000000080032a0       0x10 ./Application/User/r1_ps_pwm_curr_fdbk.o
                0x00000000080032a0                R1_SetOffsetCalib
 .text.R1_GetOffsetCalib
                0x00000000080032b0        0x8 ./Application/User/r1_ps_pwm_curr_fdbk.o
                0x00000000080032b0                R1_GetOffsetCalib
 .text.R1_TurnOnLowSides
                0x00000000080032b8       0x56 ./Application/User/r1_ps_pwm_curr_fdbk.o
                0x00000000080032b8                R1_TurnOnLowSides
 *fill*         0x000000000800330e        0x2 
 .text.R1_SwitchOnPWM
                0x0000000008003310      0x228 ./Application/User/r1_ps_pwm_curr_fdbk.o
                0x0000000008003310                R1_SwitchOnPWM
 .text.R1_SwitchOffPWM
                0x0000000008003538      0x168 ./Application/User/r1_ps_pwm_curr_fdbk.o
                0x0000000008003538                R1_SwitchOffPWM
 .text.R1_CurrentReadingCalibration
                0x00000000080036a0       0x94 ./Application/User/r1_ps_pwm_curr_fdbk.o
                0x00000000080036a0                R1_CurrentReadingCalibration
 .text.R1_TIM1_UP_IRQHandler
                0x0000000008003734       0x3c ./Application/User/r1_ps_pwm_curr_fdbk.o
                0x0000000008003734                R1_TIM1_UP_IRQHandler
 .text.R1_DMAx_TC_IRQHandler
                0x0000000008003770       0x54 ./Application/User/r1_ps_pwm_curr_fdbk.o
                0x0000000008003770                R1_DMAx_TC_IRQHandler
 .text.RI_SetRegisterGlobal
                0x00000000080037c4       0xa4 ./Application/User/register_interface.o
                0x00000000080037c4                RI_SetRegisterGlobal
 .text.RI_SetRegisterMotor1
                0x0000000008003868      0x1dc ./Application/User/register_interface.o
                0x0000000008003868                RI_SetRegisterMotor1
 .text.RI_GetRegisterGlobal
                0x0000000008003a44       0x94 ./Application/User/register_interface.o
                0x0000000008003a44                RI_GetRegisterGlobal
 .text.RI_GetRegisterMotor1
                0x0000000008003ad8      0x234 ./Application/User/register_interface.o
                0x0000000008003ad8                RI_GetRegisterMotor1
 .text.RI_GetIDSize
                0x0000000008003d0c       0x18 ./Application/User/register_interface.o
                0x0000000008003d0c                RI_GetIDSize
 .text.RI_GetPtrReg
                0x0000000008003d24       0x78 ./Application/User/register_interface.o
                0x0000000008003d24                RI_GetPtrReg
 .text.RCM_RegisterRegConv
                0x0000000008003d9c       0x90 ./Application/User/regular_conversion_manager.o
                0x0000000008003d9c                RCM_RegisterRegConv
 .text.RCM_ExecRegularConv
                0x0000000008003e2c      0x124 ./Application/User/regular_conversion_manager.o
                0x0000000008003e2c                RCM_ExecRegularConv
 .text.RCM_ExecUserConv
                0x0000000008003f50       0x60 ./Application/User/regular_conversion_manager.o
                0x0000000008003f50                RCM_ExecUserConv
 .text.RCM_ExecNextConv
                0x0000000008003fb0       0x6c ./Application/User/regular_conversion_manager.o
                0x0000000008003fb0                RCM_ExecNextConv
 .text.RCM_ReadOngoingConv
                0x000000000800401c       0x50 ./Application/User/regular_conversion_manager.o
                0x000000000800401c                RCM_ReadOngoingConv
 .text.HAL_MspInit
                0x000000000800406c       0x30 ./Application/User/stm32f0xx_hal_msp.o
                0x000000000800406c                HAL_MspInit
 .text.HAL_ADC_MspInit
                0x000000000800409c       0xbc ./Application/User/stm32f0xx_hal_msp.o
                0x000000000800409c                HAL_ADC_MspInit
 .text.HAL_TIM_PWM_MspInit
                0x0000000008004158       0xec ./Application/User/stm32f0xx_hal_msp.o
                0x0000000008004158                HAL_TIM_PWM_MspInit
 .text.HAL_TIM_Base_MspInit
                0x0000000008004244       0x60 ./Application/User/stm32f0xx_hal_msp.o
                0x0000000008004244                HAL_TIM_Base_MspInit
 .text.HAL_TIM_MspPostInit
                0x00000000080042a4       0x84 ./Application/User/stm32f0xx_hal_msp.o
                0x00000000080042a4                HAL_TIM_MspPostInit
 .text.HAL_UART_MspInit
                0x0000000008004328       0xc4 ./Application/User/stm32f0xx_hal_msp.o
                0x0000000008004328                HAL_UART_MspInit
 .text.NMI_Handler
                0x00000000080043ec        0x2 ./Application/User/stm32f0xx_it.o
                0x00000000080043ec                NMI_Handler
 .text.PendSV_Handler
                0x00000000080043ee        0x2 ./Application/User/stm32f0xx_it.o
                0x00000000080043ee                PendSV_Handler
 .text.DMA1_Channel1_IRQHandler
                0x00000000080043f0       0x14 ./Application/User/stm32f0xx_mc_it.o
                0x00000000080043f0                DMA1_Channel1_IRQHandler
 .text.TIM1_BRK_UP_TRG_COM_IRQHandler
                0x0000000008004404       0x44 ./Application/User/stm32f0xx_mc_it.o
                0x0000000008004404                TIM1_BRK_UP_TRG_COM_IRQHandler
 .text.DMA1_Channel4_5_IRQHandler
                0x0000000008004448       0x20 ./Application/User/stm32f0xx_mc_it.o
                0x0000000008004448                DMA1_Channel4_5_IRQHandler
 .text.TIM2_IRQHandler
                0x0000000008004468       0x34 ./Application/User/stm32f0xx_mc_it.o
                0x0000000008004468                TIM2_IRQHandler
 .text.DMA1_Channel2_3_IRQHandler
                0x000000000800449c       0x20 ./Application/User/stm32f0xx_mc_it.o
                0x000000000800449c                DMA1_Channel2_3_IRQHandler
 .text.USART1_IRQHandler
                0x00000000080044bc       0x9c ./Application/User/stm32f0xx_mc_it.o
                0x00000000080044bc                USART1_IRQHandler
 .text.HardFault_Handler
                0x0000000008004558        0x8 ./Application/User/stm32f0xx_mc_it.o
                0x0000000008004558                HardFault_Handler
 .text.SysTick_Handler
                0x0000000008004560       0x44 ./Application/User/stm32f0xx_mc_it.o
                0x0000000008004560                SysTick_Handler
 .text.EXTI4_15_IRQHandler
                0x00000000080045a4       0x1c ./Application/User/stm32f0xx_mc_it.o
                0x00000000080045a4                EXTI4_15_IRQHandler
 .text.UASPEP_DAMCONFIG_TX
                0x00000000080045c0       0x50 ./Application/User/usart_aspep_driver.o
                0x00000000080045c0                UASPEP_DAMCONFIG_TX
 .text.UASPEP_DAMCONFIG_RX
                0x0000000008004610       0x4c ./Application/User/usart_aspep_driver.o
                0x0000000008004610                UASPEP_DAMCONFIG_RX
 .text.UASPEP_INIT
                0x000000000800465c       0x10 ./Application/User/usart_aspep_driver.o
                0x000000000800465c                UASPEP_INIT
 .text.UASPEP_SEND_PACKET
                0x000000000800466c       0x38 ./Application/User/usart_aspep_driver.o
                0x000000000800466c                UASPEP_SEND_PACKET
 .text.UASPEP_RECEIVE_BUFFER
                0x00000000080046a4       0x30 ./Application/User/usart_aspep_driver.o
                0x00000000080046a4                UASPEP_RECEIVE_BUFFER
 .text.UASPEP_IDLE_ENABLE
                0x00000000080046d4       0x1c ./Application/User/usart_aspep_driver.o
                0x00000000080046d4                UASPEP_IDLE_ENABLE
 .text.SystemInit
                0x00000000080046f0        0x2 ./Drivers/CMSIS/system_stm32f0xx.o
                0x00000000080046f0                SystemInit
 *fill*         0x00000000080046f2        0x2 
 .text.HAL_InitTick
                0x00000000080046f4       0x48 ./Drivers/STM32F0xx_HAL_Driver/stm32f0xx_hal.o
                0x00000000080046f4                HAL_InitTick
 .text.HAL_Init
                0x000000000800473c       0x20 ./Drivers/STM32F0xx_HAL_Driver/stm32f0xx_hal.o
                0x000000000800473c                HAL_Init
 .text.HAL_IncTick
                0x000000000800475c       0x18 ./Drivers/STM32F0xx_HAL_Driver/stm32f0xx_hal.o
                0x000000000800475c                HAL_IncTick
 .text.HAL_GetTick
                0x0000000008004774        0xc ./Drivers/STM32F0xx_HAL_Driver/stm32f0xx_hal.o
                0x0000000008004774                HAL_GetTick
 .text.HAL_ADC_Init
                0x0000000008004780      0x148 ./Drivers/STM32F0xx_HAL_Driver/stm32f0xx_hal_adc.o
                0x0000000008004780                HAL_ADC_Init
 .text.HAL_ADC_ConfigChannel
                0x00000000080048c8      0x108 ./Drivers/STM32F0xx_HAL_Driver/stm32f0xx_hal_adc.o
                0x00000000080048c8                HAL_ADC_ConfigChannel
 .text.HAL_NVIC_SetPriority
                0x00000000080049d0       0x54 ./Drivers/STM32F0xx_HAL_Driver/stm32f0xx_hal_cortex.o
                0x00000000080049d0                HAL_NVIC_SetPriority
 .text.HAL_NVIC_EnableIRQ
                0x0000000008004a24       0x18 ./Drivers/STM32F0xx_HAL_Driver/stm32f0xx_hal_cortex.o
                0x0000000008004a24                HAL_NVIC_EnableIRQ
 .text.HAL_SYSTICK_Config
                0x0000000008004a3c       0x34 ./Drivers/STM32F0xx_HAL_Driver/stm32f0xx_hal_cortex.o
                0x0000000008004a3c                HAL_SYSTICK_Config
 .text.HAL_SYSTICK_Callback
                0x0000000008004a70        0x2 ./Drivers/STM32F0xx_HAL_Driver/stm32f0xx_hal_cortex.o
                0x0000000008004a70                HAL_SYSTICK_Callback
 .text.HAL_SYSTICK_IRQHandler
                0x0000000008004a72        0x8 ./Drivers/STM32F0xx_HAL_Driver/stm32f0xx_hal_cortex.o
                0x0000000008004a72                HAL_SYSTICK_IRQHandler
 *fill*         0x0000000008004a7a        0x2 
 .text.HAL_DMA_Init
                0x0000000008004a7c       0x64 ./Drivers/STM32F0xx_HAL_Driver/stm32f0xx_hal_dma.o
                0x0000000008004a7c                HAL_DMA_Init
 .text.HAL_GPIO_Init
                0x0000000008004ae0      0x164 ./Drivers/STM32F0xx_HAL_Driver/stm32f0xx_hal_gpio.o
                0x0000000008004ae0                HAL_GPIO_Init
 .text.HAL_GPIO_WritePin
                0x0000000008004c44        0xc ./Drivers/STM32F0xx_HAL_Driver/stm32f0xx_hal_gpio.o
                0x0000000008004c44                HAL_GPIO_WritePin
 .text.HAL_RCC_OscConfig
                0x0000000008004c50      0x3fc ./Drivers/STM32F0xx_HAL_Driver/stm32f0xx_hal_rcc.o
                0x0000000008004c50                HAL_RCC_OscConfig
 .text.HAL_RCC_EnableCSS
                0x000000000800504c       0x14 ./Drivers/STM32F0xx_HAL_Driver/stm32f0xx_hal_rcc.o
                0x000000000800504c                HAL_RCC_EnableCSS
 .text.HAL_RCC_GetSysClockFreq
                0x0000000008005060       0x4c ./Drivers/STM32F0xx_HAL_Driver/stm32f0xx_hal_rcc.o
                0x0000000008005060                HAL_RCC_GetSysClockFreq
 .text.HAL_RCC_ClockConfig
                0x00000000080050ac      0x108 ./Drivers/STM32F0xx_HAL_Driver/stm32f0xx_hal_rcc.o
                0x00000000080050ac                HAL_RCC_ClockConfig
 .text.HAL_RCC_GetHCLKFreq
                0x00000000080051b4        0xc ./Drivers/STM32F0xx_HAL_Driver/stm32f0xx_hal_rcc.o
                0x00000000080051b4                HAL_RCC_GetHCLKFreq
 .text.HAL_RCC_GetPCLK1Freq
                0x00000000080051c0       0x20 ./Drivers/STM32F0xx_HAL_Driver/stm32f0xx_hal_rcc.o
                0x00000000080051c0                HAL_RCC_GetPCLK1Freq
 .text.HAL_RCCEx_PeriphCLKConfig
                0x00000000080051e0      0x10c ./Drivers/STM32F0xx_HAL_Driver/stm32f0xx_hal_rcc_ex.o
                0x00000000080051e0                HAL_RCCEx_PeriphCLKConfig
 .text.TIM_OC1_SetConfig
                0x00000000080052ec       0x78 ./Drivers/STM32F0xx_HAL_Driver/stm32f0xx_hal_tim.o
 .text.TIM_OC3_SetConfig
                0x0000000008005364       0x80 ./Drivers/STM32F0xx_HAL_Driver/stm32f0xx_hal_tim.o
 .text.TIM_OC4_SetConfig
                0x00000000080053e4       0x68 ./Drivers/STM32F0xx_HAL_Driver/stm32f0xx_hal_tim.o
 .text.TIM_Base_SetConfig
                0x000000000800544c       0x90 ./Drivers/STM32F0xx_HAL_Driver/stm32f0xx_hal_tim.o
                0x000000000800544c                TIM_Base_SetConfig
 .text.HAL_TIM_Base_Init
                0x00000000080054dc       0x50 ./Drivers/STM32F0xx_HAL_Driver/stm32f0xx_hal_tim.o
                0x00000000080054dc                HAL_TIM_Base_Init
 .text.HAL_TIM_PWM_Init
                0x000000000800552c       0x50 ./Drivers/STM32F0xx_HAL_Driver/stm32f0xx_hal_tim.o
                0x000000000800552c                HAL_TIM_PWM_Init
 .text.TIM_OC2_SetConfig
                0x000000000800557c       0x78 ./Drivers/STM32F0xx_HAL_Driver/stm32f0xx_hal_tim.o
                0x000000000800557c                TIM_OC2_SetConfig
 .text.HAL_TIM_PWM_ConfigChannel
                0x00000000080055f4       0xc4 ./Drivers/STM32F0xx_HAL_Driver/stm32f0xx_hal_tim.o
                0x00000000080055f4                HAL_TIM_PWM_ConfigChannel
 .text.TIM_TI1_SetConfig
                0x00000000080056b8       0x50 ./Drivers/STM32F0xx_HAL_Driver/stm32f0xx_hal_tim.o
                0x00000000080056b8                TIM_TI1_SetConfig
 .text.TIM_ETR_SetConfig
                0x0000000008005708       0x18 ./Drivers/STM32F0xx_HAL_Driver/stm32f0xx_hal_tim.o
                0x0000000008005708                TIM_ETR_SetConfig
 .text.HAL_TIM_ConfigClockSource
                0x0000000008005720      0x134 ./Drivers/STM32F0xx_HAL_Driver/stm32f0xx_hal_tim.o
                0x0000000008005720                HAL_TIM_ConfigClockSource
 .text.HAL_TIMEx_HallSensor_MspInit
                0x0000000008005854        0x2 ./Drivers/STM32F0xx_HAL_Driver/stm32f0xx_hal_tim_ex.o
                0x0000000008005854                HAL_TIMEx_HallSensor_MspInit
 .text.HAL_TIMEx_HallSensor_Init
                0x0000000008005856       0xc2 ./Drivers/STM32F0xx_HAL_Driver/stm32f0xx_hal_tim_ex.o
                0x0000000008005856                HAL_TIMEx_HallSensor_Init
 .text.HAL_TIMEx_MasterConfigSynchronization
                0x0000000008005918       0x58 ./Drivers/STM32F0xx_HAL_Driver/stm32f0xx_hal_tim_ex.o
                0x0000000008005918                HAL_TIMEx_MasterConfigSynchronization
 .text.HAL_TIMEx_ConfigBreakDeadTime
                0x0000000008005970       0x64 ./Drivers/STM32F0xx_HAL_Driver/stm32f0xx_hal_tim_ex.o
                0x0000000008005970                HAL_TIMEx_ConfigBreakDeadTime
 .text.UART_EndRxTransfer
                0x00000000080059d4       0x5c ./Drivers/STM32F0xx_HAL_Driver/stm32f0xx_hal_uart.o
 .text.UART_SetConfig
                0x0000000008005a30      0x114 ./Drivers/STM32F0xx_HAL_Driver/stm32f0xx_hal_uart.o
                0x0000000008005a30                UART_SetConfig
 .text.UART_AdvFeatureConfig
                0x0000000008005b44       0xd0 ./Drivers/STM32F0xx_HAL_Driver/stm32f0xx_hal_uart.o
                0x0000000008005b44                UART_AdvFeatureConfig
 .text.UART_WaitOnFlagUntilTimeout
                0x0000000008005c14       0x8a ./Drivers/STM32F0xx_HAL_Driver/stm32f0xx_hal_uart.o
                0x0000000008005c14                UART_WaitOnFlagUntilTimeout
 *fill*         0x0000000008005c9e        0x2 
 .text.UART_CheckIdleState
                0x0000000008005ca0       0xc0 ./Drivers/STM32F0xx_HAL_Driver/stm32f0xx_hal_uart.o
                0x0000000008005ca0                UART_CheckIdleState
 .text.HAL_UART_Init
                0x0000000008005d60       0x64 ./Drivers/STM32F0xx_HAL_Driver/stm32f0xx_hal_uart.o
                0x0000000008005d60                HAL_UART_Init
 .text.VBS_GetAvBusVoltage_V
                0x0000000008005dc4        0xc ./Middlewares/MotorControl/bus_voltage_sensor.o
                0x0000000008005dc4                VBS_GetAvBusVoltage_V
 .text.Circle_Limitation
                0x0000000008005dd0       0x64 ./Middlewares/MotorControl/circle_limitation.o
                0x0000000008005dd0                Circle_Limitation
 .text.MCPA_stopDataLog
                0x0000000008005e34       0x38 ./Middlewares/MotorControl/mcpa.o
 .text.MCPA_dataLog
                0x0000000008005e6c      0x160 ./Middlewares/MotorControl/mcpa.o
                0x0000000008005e6c                MCPA_dataLog
 .text.MCPA_flushDataLog
                0x0000000008005fcc       0x5e ./Middlewares/MotorControl/mcpa.o
                0x0000000008005fcc                MCPA_flushDataLog
 .text.MCPA_cfgLog
                0x000000000800602a       0xb6 ./Middlewares/MotorControl/mcpa.o
                0x000000000800602a                MCPA_cfgLog
 .text.NTC_Clear
                0x00000000080060e0        0x6 ./Middlewares/MotorControl/ntc_temperature_sensor.o
                0x00000000080060e0                NTC_Clear
 .text.NTC_Init
                0x00000000080060e6       0x18 ./Middlewares/MotorControl/ntc_temperature_sensor.o
                0x00000000080060e6                NTC_Init
 .text.NTC_GetAvTemp_C
                0x00000000080060fe       0x20 ./Middlewares/MotorControl/ntc_temperature_sensor.o
                0x00000000080060fe                NTC_GetAvTemp_C
 .text.PID_HandleInit
                0x000000000800611e       0x10 ./Middlewares/MotorControl/pid_regulator.o
                0x000000000800611e                PID_HandleInit
 .text.PID_SetKP
                0x000000000800612e        0x4 ./Middlewares/MotorControl/pid_regulator.o
                0x000000000800612e                PID_SetKP
 .text.PID_SetKI
                0x0000000008006132        0x4 ./Middlewares/MotorControl/pid_regulator.o
                0x0000000008006132                PID_SetKI
 .text.PID_GetKP
                0x0000000008006136        0x6 ./Middlewares/MotorControl/pid_regulator.o
                0x0000000008006136                PID_GetKP
 .text.PID_GetKI
                0x000000000800613c        0x6 ./Middlewares/MotorControl/pid_regulator.o
                0x000000000800613c                PID_GetKI
 .text.PID_SetIntegralTerm
                0x0000000008006142        0x4 ./Middlewares/MotorControl/pid_regulator.o
                0x0000000008006142                PID_SetIntegralTerm
 .text.PID_SetKD
                0x0000000008006146        0x4 ./Middlewares/MotorControl/pid_regulator.o
                0x0000000008006146                PID_SetKD
 .text.PID_GetKD
                0x000000000800614a        0x6 ./Middlewares/MotorControl/pid_regulator.o
                0x000000000800614a                PID_GetKD
 .text.PI_Controller
                0x0000000008006150       0x78 ./Middlewares/MotorControl/pid_regulator.o
                0x0000000008006150                PI_Controller
 .text.PQD_CalcElMotorPower
                0x00000000080061c8       0x38 ./Middlewares/MotorControl/pqd_motor_power_measurement.o
                0x00000000080061c8                PQD_CalcElMotorPower
 .text.PQD_Clear
                0x0000000008006200        0x6 ./Middlewares/MotorControl/pqd_motor_power_measurement.o
                0x0000000008006200                PQD_Clear
 .text.PQD_GetAvrgElMotorPowerW
                0x0000000008006206       0x26 ./Middlewares/MotorControl/pqd_motor_power_measurement.o
                0x0000000008006206                PQD_GetAvrgElMotorPowerW
 .text.waitForPolarizationEnd
                0x000000000800622c       0x34 ./Middlewares/MotorControl/pwm_common.o
                0x000000000800622c                waitForPolarizationEnd
 .text.RVBS_Clear
                0x0000000008006260       0x28 ./Middlewares/MotorControl/r_divider_bus_voltage_sensor.o
                0x0000000008006260                RVBS_Clear
 .text.RVBS_Init
                0x0000000008006288        0x8 ./Middlewares/MotorControl/r_divider_bus_voltage_sensor.o
                0x0000000008006288                RVBS_Init
 .text.RVBS_CheckFaultState
                0x0000000008006290       0x48 ./Middlewares/MotorControl/r_divider_bus_voltage_sensor.o
                0x0000000008006290                RVBS_CheckFaultState
 .text.RVBS_CalcAvVbus
                0x00000000080062d8       0x54 ./Middlewares/MotorControl/r_divider_bus_voltage_sensor.o
                0x00000000080062d8                RVBS_CalcAvVbus
 .text.REMNG_Init
                0x000000000800632c       0x10 ./Middlewares/MotorControl/ramp_ext_mngr.o
                0x000000000800632c                REMNG_Init
 .text.SPD_GetElAngle
                0x000000000800633c        0x6 ./Middlewares/MotorControl/speed_pos_fdbk.o
                0x000000000800633c                SPD_GetElAngle
 .text.SPD_GetAvrgMecSpeedUnit
                0x0000000008006342        0x6 ./Middlewares/MotorControl/speed_pos_fdbk.o
                0x0000000008006342                SPD_GetAvrgMecSpeedUnit
 .text.SPD_GetInstElSpeedDpp
                0x0000000008006348        0x6 ./Middlewares/MotorControl/speed_pos_fdbk.o
                0x0000000008006348                SPD_GetInstElSpeedDpp
 .text.SPD_IsMecSpeedReliable
                0x000000000800634e       0x58 ./Middlewares/MotorControl/speed_pos_fdbk.o
                0x000000000800634e                SPD_IsMecSpeedReliable
 .text.SPD_GetS16Speed
                0x00000000080063a6       0x18 ./Middlewares/MotorControl/speed_pos_fdbk.o
                0x00000000080063a6                SPD_GetS16Speed
 .text.STC_Init
                0x00000000080063be       0x26 ./Middlewares/MotorControl/speed_torq_ctrl.o
                0x00000000080063be                STC_Init
 .text.STC_GetSpeedSensor
                0x00000000080063e4        0x4 ./Middlewares/MotorControl/speed_torq_ctrl.o
                0x00000000080063e4                STC_GetSpeedSensor
 .text.STC_Clear
                0x00000000080063e8       0x12 ./Middlewares/MotorControl/speed_torq_ctrl.o
                0x00000000080063e8                STC_Clear
 .text.STC_GetMecSpeedRefUnit
                0x00000000080063fa        0x6 ./Middlewares/MotorControl/speed_torq_ctrl.o
                0x00000000080063fa                STC_GetMecSpeedRefUnit
 .text.STC_GetTorqueRef
                0x0000000008006400        0x6 ./Middlewares/MotorControl/speed_torq_ctrl.o
                0x0000000008006400                STC_GetTorqueRef
 .text.STC_SetControlMode
                0x0000000008006406        0x8 ./Middlewares/MotorControl/speed_torq_ctrl.o
                0x0000000008006406                STC_SetControlMode
 .text.STC_ExecRamp
                0x000000000800640e       0x7c ./Middlewares/MotorControl/speed_torq_ctrl.o
                0x000000000800640e                STC_ExecRamp
 .text.STC_StopRamp
                0x000000000800648a        0x8 ./Middlewares/MotorControl/speed_torq_ctrl.o
                0x000000000800648a                STC_StopRamp
 .text.STC_CalcTorqueReference
                0x0000000008006492       0x4e ./Middlewares/MotorControl/speed_torq_ctrl.o
                0x0000000008006492                STC_CalcTorqueReference
 .text.STC_GetMecSpeedRefUnitDefault
                0x00000000080064e0        0x6 ./Middlewares/MotorControl/speed_torq_ctrl.o
                0x00000000080064e0                STC_GetMecSpeedRefUnitDefault
 .text.STC_GetDefaultIqdref
                0x00000000080064e6       0x10 ./Middlewares/MotorControl/speed_torq_ctrl.o
                0x00000000080064e6                STC_GetDefaultIqdref
 .text.STC_ForceSpeedReferenceToCurrentSpeed
                0x00000000080064f6       0x10 ./Middlewares/MotorControl/speed_torq_ctrl.o
                0x00000000080064f6                STC_ForceSpeedReferenceToCurrentSpeed
 .text.memset   0x0000000008006506       0x10 C:/ST/STM32CubeIDE_1.13.2/STM32CubeIDE/plugins/com.st.stm32cube.ide.mcu.externaltools.gnu-tools-for-stm32.11.3.rel1.win32_1.1.1.202309131626/tools/bin/../lib/gcc/arm-none-eabi/11.3.1/../../../../arm-none-eabi/lib/thumb/v6-m/nofp\libc_nano.a(libc_a-memset.o)
                0x0000000008006506                memset
 *fill*         0x0000000008006516        0x2 
 .text.__libc_init_array
                0x0000000008006518       0x48 C:/ST/STM32CubeIDE_1.13.2/STM32CubeIDE/plugins/com.st.stm32cube.ide.mcu.externaltools.gnu-tools-for-stm32.11.3.rel1.win32_1.1.1.202309131626/tools/bin/../lib/gcc/arm-none-eabi/11.3.1/../../../../arm-none-eabi/lib/thumb/v6-m/nofp\libc_nano.a(libc_a-init.o)
                0x0000000008006518                __libc_init_array
 .text.memcpy   0x0000000008006560       0x12 C:/ST/STM32CubeIDE_1.13.2/STM32CubeIDE/plugins/com.st.stm32cube.ide.mcu.externaltools.gnu-tools-for-stm32.11.3.rel1.win32_1.1.1.202309131626/tools/bin/../lib/gcc/arm-none-eabi/11.3.1/../../../../arm-none-eabi/lib/thumb/v6-m/nofp\libc_nano.a(libc_a-memcpy-stub.o)
                0x0000000008006560                memcpy
 *(.glue_7)
 .glue_7        0x0000000008006572        0x0 linker stubs
 *(.glue_7t)
 .glue_7t       0x0000000008006572        0x0 linker stubs
 *(.eh_frame)
 *fill*         0x0000000008006572        0x2 
 .eh_frame      0x0000000008006574        0x0 C:/ST/STM32CubeIDE_1.13.2/STM32CubeIDE/plugins/com.st.stm32cube.ide.mcu.externaltools.gnu-tools-for-stm32.11.3.rel1.win32_1.1.1.202309131626/tools/bin/../lib/gcc/arm-none-eabi/11.3.1/thumb/v6-m/nofp/crtbegin.o
 *(.init)
 .init          0x0000000008006574        0x4 C:/ST/STM32CubeIDE_1.13.2/STM32CubeIDE/plugins/com.st.stm32cube.ide.mcu.externaltools.gnu-tools-for-stm32.11.3.rel1.win32_1.1.1.202309131626/tools/bin/../lib/gcc/arm-none-eabi/11.3.1/thumb/v6-m/nofp/crti.o
                0x0000000008006574                _init
 .init          0x0000000008006578        0x8 C:/ST/STM32CubeIDE_1.13.2/STM32CubeIDE/plugins/com.st.stm32cube.ide.mcu.externaltools.gnu-tools-for-stm32.11.3.rel1.win32_1.1.1.202309131626/tools/bin/../lib/gcc/arm-none-eabi/11.3.1/thumb/v6-m/nofp/crtn.o
 *(.fini)
 .fini          0x0000000008006580        0x4 C:/ST/STM32CubeIDE_1.13.2/STM32CubeIDE/plugins/com.st.stm32cube.ide.mcu.externaltools.gnu-tools-for-stm32.11.3.rel1.win32_1.1.1.202309131626/tools/bin/../lib/gcc/arm-none-eabi/11.3.1/thumb/v6-m/nofp/crti.o
                0x0000000008006580                _fini
 .fini          0x0000000008006584        0x8 C:/ST/STM32CubeIDE_1.13.2/STM32CubeIDE/plugins/com.st.stm32cube.ide.mcu.externaltools.gnu-tools-for-stm32.11.3.rel1.win32_1.1.1.202309131626/tools/bin/../lib/gcc/arm-none-eabi/11.3.1/thumb/v6-m/nofp/crtn.o
                0x000000000800658c                . = ALIGN (0x4)
                0x000000000800658c                _etext = .

.vfp11_veneer   0x000000000800658c        0x0
 .vfp11_veneer  0x000000000800658c        0x0 linker stubs

.v4_bx          0x000000000800658c        0x0
 .v4_bx         0x000000000800658c        0x0 linker stubs

.iplt           0x000000000800658c        0x0
 .iplt          0x000000000800658c        0x0 C:/ST/STM32CubeIDE_1.13.2/STM32CubeIDE/plugins/com.st.stm32cube.ide.mcu.externaltools.gnu-tools-for-stm32.11.3.rel1.win32_1.1.1.202309131626/tools/bin/../lib/gcc/arm-none-eabi/11.3.1/thumb/v6-m/nofp/crtbegin.o

.rodata         0x000000000800658c      0xbd0
                0x000000000800658c                . = ALIGN (0x4)
 *(.rodata)
 *(.rodata*)
 .rodata.CRC4_Lookup4
                0x000000000800658c       0x10 ./Application/User/aspep.o
 .rodata.CRC4_Lookup8
                0x000000000800659c      0x100 ./Application/User/aspep.o
 .rodata.M1_ApplicationConfig_reg
                0x000000000800669c       0x10 ./Application/User/mc_configuration_registers.o
 .rodata.M1_FOCConfig_reg
                0x00000000080066ac        0xe ./Application/User/mc_configuration_registers.o
 .rodata.globalConfig_reg
                0x00000000080066ba        0xa ./Application/User/mc_configuration_registers.o
                0x00000000080066ba                globalConfig_reg
 .rodata.MCM_Park.cst2
                0x00000000080066c4        0x2 ./Application/User/mc_math.o
 .rodata.hSin_Cos_Table
                0x00000000080066c6      0x200 ./Application/User/mc_math.o
                0x00000000080066c6                hSin_Cos_Table
 *fill*         0x00000000080068c6        0x2 
 .rodata.R1_ParamsM1
                0x00000000080068c8       0x28 ./Application/User/mc_parameters.o
                0x00000000080068c8                R1_ParamsM1
 .rodata.ALFLAG
                0x00000000080068f0        0x3 ./Application/User/r1_ps_pwm_curr_fdbk.o
 .rodata.CHANNEL_OFFSET_TAB
                0x00000000080068f3        0x5 ./Application/User/r1_ps_pwm_curr_fdbk.o
 .rodata.OFFSET_TAB_CCMRx
                0x00000000080068f8        0x7 ./Application/User/r1_ps_pwm_curr_fdbk.o
 .rodata.SHIFT_TAB_OCxx
                0x00000000080068ff        0x7 ./Application/User/r1_ps_pwm_curr_fdbk.o
 .rodata.CSWTCH.15
                0x0000000008006906       0x11 ./Application/User/register_interface.o
 .rodata.CHANNEL_OFFSET_TAB
                0x0000000008006917        0x5 ./Application/User/usart_aspep_driver.o
 .rodata.AHBPrescTable
                0x000000000800691c       0x10 ./Drivers/CMSIS/system_stm32f0xx.o
                0x000000000800691c                AHBPrescTable
 .rodata.APBPrescTable
                0x000000000800692c        0x8 ./Drivers/CMSIS/system_stm32f0xx.o
                0x000000000800692c                APBPrescTable
 .rodata.aPLLMULFactorTable.1
                0x0000000008006934       0x10 ./Drivers/STM32F0xx_HAL_Driver/stm32f0xx_hal_rcc.o
 .rodata.aPredivFactorTable.0
                0x0000000008006944       0x10 ./Drivers/STM32F0xx_HAL_Driver/stm32f0xx_hal_rcc.o
 .rodata.CSWTCH.59
                0x0000000008006954        0x3 ./Drivers/STM32F0xx_HAL_Driver/stm32f0xx_hal_uart.o
 *fill*         0x0000000008006957        0x1 
 .rodata.SqrtTable
                0x0000000008006958      0x802 ./Middlewares/MotorControl/circle_limitation.o
                0x0000000008006958                SqrtTable
                0x000000000800715c                . = ALIGN (0x4)
 *fill*         0x000000000800715a        0x2 

.rel.dyn        0x000000000800715c        0x0
 .rel.iplt      0x000000000800715c        0x0 C:/ST/STM32CubeIDE_1.13.2/STM32CubeIDE/plugins/com.st.stm32cube.ide.mcu.externaltools.gnu-tools-for-stm32.11.3.rel1.win32_1.1.1.202309131626/tools/bin/../lib/gcc/arm-none-eabi/11.3.1/thumb/v6-m/nofp/crtbegin.o

.ARM.extab      0x000000000800715c        0x0
                0x000000000800715c                . = ALIGN (0x4)
 *(.ARM.extab* .gnu.linkonce.armextab.*)
                0x000000000800715c                . = ALIGN (0x4)

.ARM            0x000000000800715c        0x0
                0x000000000800715c                . = ALIGN (0x4)
                0x000000000800715c                __exidx_start = .
 *(.ARM.exidx*)
                0x000000000800715c                __exidx_end = .
                0x000000000800715c                . = ALIGN (0x4)

.preinit_array  0x000000000800715c        0x0
                0x000000000800715c                . = ALIGN (0x4)
                0x000000000800715c                PROVIDE (__preinit_array_start = .)
 *(.preinit_array*)
                0x000000000800715c                PROVIDE (__preinit_array_end = .)
                0x000000000800715c                . = ALIGN (0x4)

.init_array     0x000000000800715c        0x4
                0x000000000800715c                . = ALIGN (0x4)
                0x000000000800715c                PROVIDE (__init_array_start = .)
 *(SORT_BY_NAME(.init_array.*))
 *(.init_array*)
 .init_array    0x000000000800715c        0x4 C:/ST/STM32CubeIDE_1.13.2/STM32CubeIDE/plugins/com.st.stm32cube.ide.mcu.externaltools.gnu-tools-for-stm32.11.3.rel1.win32_1.1.1.202309131626/tools/bin/../lib/gcc/arm-none-eabi/11.3.1/thumb/v6-m/nofp/crtbegin.o
                0x0000000008007160                PROVIDE (__init_array_end = .)
                0x0000000008007160                . = ALIGN (0x4)

.fini_array     0x0000000008007160        0x4
                0x0000000008007160                . = ALIGN (0x4)
                [!provide]                        PROVIDE (__fini_array_start = .)
 *(SORT_BY_NAME(.fini_array.*))
 *(.fini_array*)
 .fini_array    0x0000000008007160        0x4 C:/ST/STM32CubeIDE_1.13.2/STM32CubeIDE/plugins/com.st.stm32cube.ide.mcu.externaltools.gnu-tools-for-stm32.11.3.rel1.win32_1.1.1.202309131626/tools/bin/../lib/gcc/arm-none-eabi/11.3.1/thumb/v6-m/nofp/crtbegin.o
                [!provide]                        PROVIDE (__fini_array_end = .)
                0x0000000008007164                . = ALIGN (0x4)
                0x0000000008007164                _sidata = LOADADDR (.data)

.data           0x0000000020000000      0x3c4 load address 0x0000000008007164
                0x0000000020000000                . = ALIGN (0x4)
                0x0000000020000000                _sdata = .
 *(.data)
 *(.data*)
 .data.BusVoltageSensor_M1
                0x0000000020000000       0x1c ./Application/User/mc_config.o
                0x0000000020000000                BusVoltageSensor_M1
 .data.CircleLimitationM1
                0x000000002000001c        0x4 ./Application/User/mc_config.o
                0x000000002000001c                CircleLimitationM1
 .data.HALL_M1  0x0000000020000020       0xcc ./Application/User/mc_config.o
                0x0000000020000020                HALL_M1
 .data.PIDIdHandle_M1
                0x00000000200000ec       0x2c ./Application/User/mc_config.o
                0x00000000200000ec                PIDIdHandle_M1
 .data.PIDIqHandle_M1
                0x0000000020000118       0x2c ./Application/User/mc_config.o
                0x0000000020000118                PIDIqHandle_M1
 .data.PIDSpeedHandle_M1
                0x0000000020000144       0x2c ./Application/User/mc_config.o
                0x0000000020000144                PIDSpeedHandle_M1
 .data.PQD_MotorPowMeasM1
                0x0000000020000170       0x10 ./Application/User/mc_config.o
                0x0000000020000170                PQD_MotorPowMeasM1
 .data.PWM_Handle_M1
                0x0000000020000180       0xd0 ./Application/User/mc_config.o
                0x0000000020000180                PWM_Handle_M1
 .data.RampExtMngrHFParamsM1
                0x0000000020000250       0x18 ./Application/User/mc_config.o
                0x0000000020000250                RampExtMngrHFParamsM1
 .data.SpeednTorqCtrlM1
                0x0000000020000268       0x34 ./Application/User/mc_config.o
                0x0000000020000268                SpeednTorqCtrlM1
 .data.TempSensor_M1
                0x000000002000029c       0x1c ./Application/User/mc_config.o
                0x000000002000029c                TempSensor_M1
 .data.VbusRegConv_M1
                0x00000000200002b8       0x10 ./Application/User/mc_config.o
                0x00000000200002b8                VbusRegConv_M1
 .data.pMPM     0x00000000200002c8        0x4 ./Application/User/mc_config.o
                0x00000000200002c8                pMPM
 .data.pPIDId   0x00000000200002cc        0x4 ./Application/User/mc_config.o
                0x00000000200002cc                pPIDId
 .data.pPIDIq   0x00000000200002d0        0x4 ./Application/User/mc_config.o
                0x00000000200002d0                pPIDIq
 .data.pSTC     0x00000000200002d4        0x4 ./Application/User/mc_config.o
                0x00000000200002d4                pSTC
 .data.ApplicationConfig_reg
                0x00000000200002d8        0x4 ./Application/User/mc_configuration_registers.o
                0x00000000200002d8                ApplicationConfig_reg
 .data.FOCConfig_reg
                0x00000000200002dc        0x4 ./Application/User/mc_configuration_registers.o
                0x00000000200002dc                FOCConfig_reg
 .data.scaleParams_M1
                0x00000000200002e0       0x10 ./Application/User/mc_parameters.o
                0x00000000200002e0                scaleParams_M1
 .data.MCPA_UART_A
                0x00000000200002f0       0x2c ./Application/User/mcp_config.o
                0x00000000200002f0                MCPA_UART_A
 .data.MCP_Over_UartA
                0x000000002000031c       0x10 ./Application/User/mcp_config.o
                0x000000002000031c                MCP_Over_UartA
 .data.UASPEP_A
                0x000000002000032c       0x14 ./Application/User/mcp_config.o
 .data.aspepOverUartA
                0x0000000020000340       0x74 ./Application/User/mcp_config.o
                0x0000000020000340                aspepOverUartA
 .data.SystickDividerCounter.0
                0x00000000200003b4        0x1 ./Application/User/stm32f0xx_mc_it.o
 *fill*         0x00000000200003b5        0x3 
 .data.SystemCoreClock
                0x00000000200003b8        0x4 ./Drivers/CMSIS/system_stm32f0xx.o
                0x00000000200003b8                SystemCoreClock
 .data.uwTickFreq
                0x00000000200003bc        0x1 ./Drivers/STM32F0xx_HAL_Driver/stm32f0xx_hal.o
                0x00000000200003bc                uwTickFreq
 *fill*         0x00000000200003bd        0x3 
 .data.uwTickPrio
                0x00000000200003c0        0x4 ./Drivers/STM32F0xx_HAL_Driver/stm32f0xx_hal.o
                0x00000000200003c0                uwTickPrio
 *(.RamFunc)
 *(.RamFunc*)
                0x00000000200003c4                . = ALIGN (0x4)
                0x00000000200003c4                _edata = .

.igot.plt       0x00000000200003c4        0x0 load address 0x0000000008007528
 .igot.plt      0x00000000200003c4        0x0 C:/ST/STM32CubeIDE_1.13.2/STM32CubeIDE/plugins/com.st.stm32cube.ide.mcu.externaltools.gnu-tools-for-stm32.11.3.rel1.win32_1.1.1.202309131626/tools/bin/../lib/gcc/arm-none-eabi/11.3.1/thumb/v6-m/nofp/crtbegin.o
                0x00000000200003c4                . = ALIGN (0x4)

.bss            0x00000000200003c4      0x624 load address 0x0000000008007528
                0x00000000200003c4                _sbss = .
                0x00000000200003c4                __bss_start__ = _sbss
 *(.bss)
 .bss           0x00000000200003c4       0x1c C:/ST/STM32CubeIDE_1.13.2/STM32CubeIDE/plugins/com.st.stm32cube.ide.mcu.externaltools.gnu-tools-for-stm32.11.3.rel1.win32_1.1.1.202309131626/tools/bin/../lib/gcc/arm-none-eabi/11.3.1/thumb/v6-m/nofp/crtbegin.o
 *(.bss*)
 .bss.hadc      0x00000000200003e0       0x40 ./Application/User/main.o
                0x00000000200003e0                hadc
 .bss.hdma_adc  0x0000000020000420       0x44 ./Application/User/main.o
                0x0000000020000420                hdma_adc
 .bss.hdma_tim1_ch3_up
                0x0000000020000464       0x44 ./Application/User/main.o
                0x0000000020000464                hdma_tim1_ch3_up
 .bss.hdma_tim1_ch4_trig_com
                0x00000000200004a8       0x44 ./Application/User/main.o
                0x00000000200004a8                hdma_tim1_ch4_trig_com
 .bss.hdma_usart1_rx
                0x00000000200004ec       0x44 ./Application/User/main.o
                0x00000000200004ec                hdma_usart1_rx
 .bss.hdma_usart1_tx
                0x0000000020000530       0x44 ./Application/User/main.o
                0x0000000020000530                hdma_usart1_tx
 .bss.htim1     0x0000000020000574       0x48 ./Application/User/main.o
                0x0000000020000574                htim1
 .bss.htim2     0x00000000200005bc       0x48 ./Application/User/main.o
                0x00000000200005bc                htim2
 .bss.huart1    0x0000000020000604       0x88 ./Application/User/main.o
                0x0000000020000604                huart1
 .bss.Mci       0x000000002000068c       0x28 ./Application/User/mc_config.o
                0x000000002000068c                Mci
 .bss.RealBusVoltageSensorFilterBufferM1
                0x00000000200006b4       0x14 ./Application/User/mc_config.o
 .bss.FOCVars   0x00000000200006c8       0x26 ./Application/User/mc_tasks.o
 .bss.bMCBootCompleted
                0x00000000200006ee        0x1 ./Application/User/mc_tasks.o
 *fill*         0x00000000200006ef        0x1 
 .bss.hBootCapDelayCounterM1
                0x00000000200006f0        0x2 ./Application/User/mc_tasks.o
 .bss.hMFTaskCounterM1
                0x00000000200006f2        0x2 ./Application/User/mc_tasks.o
 .bss.hStopPermanencyCounterM1
                0x00000000200006f4        0x2 ./Application/User/mc_tasks.o
 *fill*         0x00000000200006f6        0x2 
 .bss.pwmcHandle
                0x00000000200006f8        0x4 ./Application/User/mc_tasks.o
 .bss.MCPAsyncBuffUARTA_A
                0x00000000200006fc       0x86 ./Application/User/mcp_config.o
 *fill*         0x0000000020000782        0x2 
 .bss.MCPAsyncBuffUARTA_B
                0x0000000020000784       0x86 ./Application/User/mcp_config.o
 *fill*         0x000000002000080a        0x2 
 .bss.MCPSyncRXBuff
                0x000000002000080c       0x82 ./Application/User/mcp_config.o
 *fill*         0x000000002000088e        0x2 
 .bss.MCPSyncTxBuff
                0x0000000020000890       0x86 ./Application/User/mcp_config.o
 *fill*         0x0000000020000916        0x2 
 .bss.MCP_UserCallBack
                0x0000000020000918        0x8 ./Application/User/mcp_config.o
                0x0000000020000918                MCP_UserCallBack
 .bss.dataPtrTableA
                0x0000000020000920       0x28 ./Application/User/mcp_config.o
 .bss.dataPtrTableBuffA
                0x0000000020000948       0x28 ./Application/User/mcp_config.o
 .bss.dataSizeTableA
                0x0000000020000970        0xa ./Application/User/mcp_config.o
 .bss.dataSizeTableBuffA
                0x000000002000097a        0xa ./Application/User/mcp_config.o
 .bss.pMCI      0x0000000020000984        0x4 ./Application/User/motorcontrol.o
                0x0000000020000984                pMCI
 .bss.nullData16.0
                0x0000000020000988        0x2 ./Application/User/register_interface.o
 *fill*         0x000000002000098a        0x2 
 .bss.RCM_CB_array
                0x000000002000098c       0x20 ./Application/User/regular_conversion_manager.o
 .bss.RCM_NoInj_array
                0x00000000200009ac       0x18 ./Application/User/regular_conversion_manager.o
 .bss.RCM_UserConvHandle
                0x00000000200009c4        0x4 ./Application/User/regular_conversion_manager.o
 .bss.RCM_UserConvState
                0x00000000200009c8        0x1 ./Application/User/regular_conversion_manager.o
 *fill*         0x00000000200009c9        0x1 
 .bss.RCM_UserConvValue
                0x00000000200009ca        0x2 ./Application/User/regular_conversion_manager.o
 .bss.RCM_currentHandle
                0x00000000200009cc        0x1 ./Application/User/regular_conversion_manager.o
 *fill*         0x00000000200009cd        0x3 
 .bss.RCM_handle_array
                0x00000000200009d0       0x10 ./Application/User/regular_conversion_manager.o
 .bss.uwTick    0x00000000200009e0        0x4 ./Drivers/STM32F0xx_HAL_Driver/stm32f0xx_hal.o
                0x00000000200009e0                uwTick
 .bss.GLOBAL_TIMESTAMP
                0x00000000200009e4        0x4 ./Middlewares/MotorControl/mcpa.o
                0x00000000200009e4                GLOBAL_TIMESTAMP
 *(COMMON)
                0x00000000200009e8                . = ALIGN (0x4)
                0x00000000200009e8                _ebss = .
                0x00000000200009e8                __bss_end__ = _ebss

._user_heap_stack
                0x00000000200009e8      0x480 load address 0x0000000008007528
                0x00000000200009e8                . = ALIGN (0x8)
                [!provide]                        PROVIDE (end = .)
                0x00000000200009e8                PROVIDE (_end = .)
                0x0000000020000a68                . = (. + _Min_Heap_Size)
 *fill*         0x00000000200009e8       0x80 
                0x0000000020000e68                . = (. + _Min_Stack_Size)
 *fill*         0x0000000020000a68      0x400 
                0x0000000020000e68                . = ALIGN (0x8)

/DISCARD/
 libc.a(*)
 libm.a(*)
 libgcc.a(*)

.ARM.attributes
                0x0000000000000000       0x28
 *(.ARM.attributes)
 .ARM.attributes
                0x0000000000000000       0x1e C:/ST/STM32CubeIDE_1.13.2/STM32CubeIDE/plugins/com.st.stm32cube.ide.mcu.externaltools.gnu-tools-for-stm32.11.3.rel1.win32_1.1.1.202309131626/tools/bin/../lib/gcc/arm-none-eabi/11.3.1/thumb/v6-m/nofp/crti.o
 .ARM.attributes
                0x000000000000001e       0x2c C:/ST/STM32CubeIDE_1.13.2/STM32CubeIDE/plugins/com.st.stm32cube.ide.mcu.externaltools.gnu-tools-for-stm32.11.3.rel1.win32_1.1.1.202309131626/tools/bin/../lib/gcc/arm-none-eabi/11.3.1/thumb/v6-m/nofp/crtbegin.o
 .ARM.attributes
                0x000000000000004a       0x21 ./Application/Startup/startup_stm32f031c6tx.o
 .ARM.attributes
                0x000000000000006b       0x2c ./Application/User/aspep.o
 .ARM.attributes
                0x0000000000000097       0x2c ./Application/User/hall_speed_pos_fdbk.o
 .ARM.attributes
                0x00000000000000c3       0x2c ./Application/User/main.o
 .ARM.attributes
                0x00000000000000ef       0x2c ./Application/User/mc_api.o
 .ARM.attributes
                0x000000000000011b       0x2c ./Application/User/mc_app_hooks.o
 .ARM.attributes
                0x0000000000000147       0x2c ./Application/User/mc_config.o
 .ARM.attributes
                0x0000000000000173       0x2c ./Application/User/mc_configuration_registers.o
 .ARM.attributes
                0x000000000000019f       0x2c ./Application/User/mc_interface.o
 .ARM.attributes
                0x00000000000001cb       0x2c ./Application/User/mc_math.o
 .ARM.attributes
                0x00000000000001f7       0x2c ./Application/User/mc_parameters.o
 .ARM.attributes
                0x0000000000000223       0x2c ./Application/User/mc_tasks.o
 .ARM.attributes
                0x000000000000024f       0x2c ./Application/User/mcp.o
 .ARM.attributes
                0x000000000000027b       0x2c ./Application/User/mcp_config.o
 .ARM.attributes
                0x00000000000002a7       0x2c ./Application/User/motorcontrol.o
 .ARM.attributes
                0x00000000000002d3       0x2c ./Application/User/pwm_curr_fdbk.o
 .ARM.attributes
                0x00000000000002ff       0x2c ./Application/User/r1_ps_pwm_curr_fdbk.o
 .ARM.attributes
                0x000000000000032b       0x2c ./Application/User/register_interface.o
 .ARM.attributes
                0x0000000000000357       0x2c ./Application/User/regular_conversion_manager.o
 .ARM.attributes
                0x0000000000000383       0x2c ./Application/User/stm32f0xx_hal_msp.o
 .ARM.attributes
                0x00000000000003af       0x2c ./Application/User/stm32f0xx_it.o
 .ARM.attributes
                0x00000000000003db       0x2c ./Application/User/stm32f0xx_mc_it.o
 .ARM.attributes
                0x0000000000000407       0x2c ./Application/User/usart_aspep_driver.o
 .ARM.attributes
                0x0000000000000433       0x2c ./Drivers/CMSIS/system_stm32f0xx.o
 .ARM.attributes
                0x000000000000045f       0x2c ./Drivers/STM32F0xx_HAL_Driver/stm32f0xx_hal.o
 .ARM.attributes
                0x000000000000048b       0x2c ./Drivers/STM32F0xx_HAL_Driver/stm32f0xx_hal_adc.o
 .ARM.attributes
                0x00000000000004b7       0x2c ./Drivers/STM32F0xx_HAL_Driver/stm32f0xx_hal_cortex.o
 .ARM.attributes
                0x00000000000004e3       0x2c ./Drivers/STM32F0xx_HAL_Driver/stm32f0xx_hal_dma.o
 .ARM.attributes
                0x000000000000050f       0x2c ./Drivers/STM32F0xx_HAL_Driver/stm32f0xx_hal_gpio.o
 .ARM.attributes
                0x000000000000053b       0x2c ./Drivers/STM32F0xx_HAL_Driver/stm32f0xx_hal_rcc.o
 .ARM.attributes
                0x0000000000000567       0x2c ./Drivers/STM32F0xx_HAL_Driver/stm32f0xx_hal_rcc_ex.o
 .ARM.attributes
                0x0000000000000593       0x2c ./Drivers/STM32F0xx_HAL_Driver/stm32f0xx_hal_tim.o
 .ARM.attributes
                0x00000000000005bf       0x2c ./Drivers/STM32F0xx_HAL_Driver/stm32f0xx_hal_tim_ex.o
 .ARM.attributes
                0x00000000000005eb       0x2c ./Drivers/STM32F0xx_HAL_Driver/stm32f0xx_hal_uart.o
 .ARM.attributes
                0x0000000000000617       0x2c ./Middlewares/MotorControl/bus_voltage_sensor.o
 .ARM.attributes
                0x0000000000000643       0x2c ./Middlewares/MotorControl/circle_limitation.o
 .ARM.attributes
                0x000000000000066f       0x2c ./Middlewares/MotorControl/mcpa.o
 .ARM.attributes
                0x000000000000069b       0x2c ./Middlewares/MotorControl/ntc_temperature_sensor.o
 .ARM.attributes
                0x00000000000006c7       0x2c ./Middlewares/MotorControl/pid_regulator.o
 .ARM.attributes
                0x00000000000006f3       0x2c ./Middlewares/MotorControl/pqd_motor_power_measurement.o
 .ARM.attributes
                0x000000000000071f       0x2c ./Middlewares/MotorControl/pwm_common.o
 .ARM.attributes
                0x000000000000074b       0x2c ./Middlewares/MotorControl/r_divider_bus_voltage_sensor.o
 .ARM.attributes
                0x0000000000000777       0x2c ./Middlewares/MotorControl/ramp_ext_mngr.o
 .ARM.attributes
                0x00000000000007a3       0x2c ./Middlewares/MotorControl/speed_pos_fdbk.o
 .ARM.attributes
                0x00000000000007cf       0x2c ./Middlewares/MotorControl/speed_torq_ctrl.o
 .ARM.attributes
                0x00000000000007fb       0x2c C:/ST/STM32CubeIDE_1.13.2/STM32CubeIDE/plugins/com.st.stm32cube.ide.mcu.externaltools.gnu-tools-for-stm32.11.3.rel1.win32_1.1.1.202309131626/tools/bin/../lib/gcc/arm-none-eabi/11.3.1/../../../../arm-none-eabi/lib/thumb/v6-m/nofp\libc_nano.a(libc_a-memset.o)
 .ARM.attributes
                0x0000000000000827       0x2c C:/ST/STM32CubeIDE_1.13.2/STM32CubeIDE/plugins/com.st.stm32cube.ide.mcu.externaltools.gnu-tools-for-stm32.11.3.rel1.win32_1.1.1.202309131626/tools/bin/../lib/gcc/arm-none-eabi/11.3.1/../../../../arm-none-eabi/lib/thumb/v6-m/nofp\libc_nano.a(libc_a-init.o)
 .ARM.attributes
                0x0000000000000853       0x2c C:/ST/STM32CubeIDE_1.13.2/STM32CubeIDE/plugins/com.st.stm32cube.ide.mcu.externaltools.gnu-tools-for-stm32.11.3.rel1.win32_1.1.1.202309131626/tools/bin/../lib/gcc/arm-none-eabi/11.3.1/../../../../arm-none-eabi/lib/thumb/v6-m/nofp\libc_nano.a(libc_a-memcpy-stub.o)
 .ARM.attributes
                0x000000000000087f       0x1e C:/ST/STM32CubeIDE_1.13.2/STM32CubeIDE/plugins/com.st.stm32cube.ide.mcu.externaltools.gnu-tools-for-stm32.11.3.rel1.win32_1.1.1.202309131626/tools/bin/../lib/gcc/arm-none-eabi/11.3.1/thumb/v6-m/nofp\libgcc.a(_thumb1_case_sqi.o)
 .ARM.attributes
                0x000000000000089d       0x1e C:/ST/STM32CubeIDE_1.13.2/STM32CubeIDE/plugins/com.st.stm32cube.ide.mcu.externaltools.gnu-tools-for-stm32.11.3.rel1.win32_1.1.1.202309131626/tools/bin/../lib/gcc/arm-none-eabi/11.3.1/thumb/v6-m/nofp\libgcc.a(_thumb1_case_uqi.o)
 .ARM.attributes
                0x00000000000008bb       0x1e C:/ST/STM32CubeIDE_1.13.2/STM32CubeIDE/plugins/com.st.stm32cube.ide.mcu.externaltools.gnu-tools-for-stm32.11.3.rel1.win32_1.1.1.202309131626/tools/bin/../lib/gcc/arm-none-eabi/11.3.1/thumb/v6-m/nofp\libgcc.a(_udivsi3.o)
 .ARM.attributes
                0x00000000000008d9       0x1e C:/ST/STM32CubeIDE_1.13.2/STM32CubeIDE/plugins/com.st.stm32cube.ide.mcu.externaltools.gnu-tools-for-stm32.11.3.rel1.win32_1.1.1.202309131626/tools/bin/../lib/gcc/arm-none-eabi/11.3.1/thumb/v6-m/nofp\libgcc.a(_divsi3.o)
 .ARM.attributes
                0x00000000000008f7       0x1e C:/ST/STM32CubeIDE_1.13.2/STM32CubeIDE/plugins/com.st.stm32cube.ide.mcu.externaltools.gnu-tools-for-stm32.11.3.rel1.win32_1.1.1.202309131626/tools/bin/../lib/gcc/arm-none-eabi/11.3.1/thumb/v6-m/nofp\libgcc.a(_dvmd_tls.o)
 .ARM.attributes
                0x0000000000000915       0x2c C:/ST/STM32CubeIDE_1.13.2/STM32CubeIDE/plugins/com.st.stm32cube.ide.mcu.externaltools.gnu-tools-for-stm32.11.3.rel1.win32_1.1.1.202309131626/tools/bin/../lib/gcc/arm-none-eabi/11.3.1/thumb/v6-m/nofp\libgcc.a(mulsf3.o)
 .ARM.attributes
                0x0000000000000941       0x2c C:/ST/STM32CubeIDE_1.13.2/STM32CubeIDE/plugins/com.st.stm32cube.ide.mcu.externaltools.gnu-tools-for-stm32.11.3.rel1.win32_1.1.1.202309131626/tools/bin/../lib/gcc/arm-none-eabi/11.3.1/thumb/v6-m/nofp\libgcc.a(floatsisf.o)
 .ARM.attributes
                0x000000000000096d       0x2c C:/ST/STM32CubeIDE_1.13.2/STM32CubeIDE/plugins/com.st.stm32cube.ide.mcu.externaltools.gnu-tools-for-stm32.11.3.rel1.win32_1.1.1.202309131626/tools/bin/../lib/gcc/arm-none-eabi/11.3.1/thumb/v6-m/nofp\libgcc.a(floatunsisf.o)
 .ARM.attributes
                0x0000000000000999       0x1e C:/ST/STM32CubeIDE_1.13.2/STM32CubeIDE/plugins/com.st.stm32cube.ide.mcu.externaltools.gnu-tools-for-stm32.11.3.rel1.win32_1.1.1.202309131626/tools/bin/../lib/gcc/arm-none-eabi/11.3.1/thumb/v6-m/nofp\libgcc.a(_clzsi2.o)
 .ARM.attributes
                0x00000000000009b7       0x1e C:/ST/STM32CubeIDE_1.13.2/STM32CubeIDE/plugins/com.st.stm32cube.ide.mcu.externaltools.gnu-tools-for-stm32.11.3.rel1.win32_1.1.1.202309131626/tools/bin/../lib/gcc/arm-none-eabi/11.3.1/thumb/v6-m/nofp/crtn.o
OUTPUT(Dribbler Motor - HALL sensing with high-speed logging.elf elf32-littlearm)
LOAD linker stubs
LOAD C:/ST/STM32CubeIDE_1.13.2/STM32CubeIDE/plugins/com.st.stm32cube.ide.mcu.externaltools.gnu-tools-for-stm32.11.3.rel1.win32_1.1.1.202309131626/tools/bin/../lib/gcc/arm-none-eabi/11.3.1/../../../../arm-none-eabi/lib/thumb/v6-m/nofp\libc.a
LOAD C:/ST/STM32CubeIDE_1.13.2/STM32CubeIDE/plugins/com.st.stm32cube.ide.mcu.externaltools.gnu-tools-for-stm32.11.3.rel1.win32_1.1.1.202309131626/tools/bin/../lib/gcc/arm-none-eabi/11.3.1/../../../../arm-none-eabi/lib/thumb/v6-m/nofp\libm.a
LOAD C:/ST/STM32CubeIDE_1.13.2/STM32CubeIDE/plugins/com.st.stm32cube.ide.mcu.externaltools.gnu-tools-for-stm32.11.3.rel1.win32_1.1.1.202309131626/tools/bin/../lib/gcc/arm-none-eabi/11.3.1/thumb/v6-m/nofp\libgcc.a

.comment        0x0000000000000000       0x43
 .comment       0x0000000000000000       0x43 C:/ST/STM32CubeIDE_1.13.2/STM32CubeIDE/plugins/com.st.stm32cube.ide.mcu.externaltools.gnu-tools-for-stm32.11.3.rel1.win32_1.1.1.202309131626/tools/bin/../lib/gcc/arm-none-eabi/11.3.1/thumb/v6-m/nofp/crtbegin.o
                                         0x44 (size before relaxing)
 .comment       0x0000000000000043       0x44 ./Application/User/aspep.o
 .comment       0x0000000000000043       0x44 ./Application/User/hall_speed_pos_fdbk.o
 .comment       0x0000000000000043       0x44 ./Application/User/main.o
 .comment       0x0000000000000043       0x44 ./Application/User/mc_api.o
 .comment       0x0000000000000043       0x44 ./Application/User/mc_app_hooks.o
 .comment       0x0000000000000043       0x44 ./Application/User/mc_config.o
 .comment       0x0000000000000043       0x44 ./Application/User/mc_configuration_registers.o
 .comment       0x0000000000000043       0x44 ./Application/User/mc_interface.o
 .comment       0x0000000000000043       0x44 ./Application/User/mc_math.o
 .comment       0x0000000000000043       0x44 ./Application/User/mc_parameters.o
 .comment       0x0000000000000043       0x44 ./Application/User/mc_tasks.o
 .comment       0x0000000000000043       0x44 ./Application/User/mcp.o
 .comment       0x0000000000000043       0x44 ./Application/User/mcp_config.o
 .comment       0x0000000000000043       0x44 ./Application/User/motorcontrol.o
 .comment       0x0000000000000043       0x44 ./Application/User/pwm_curr_fdbk.o
 .comment       0x0000000000000043       0x44 ./Application/User/r1_ps_pwm_curr_fdbk.o
 .comment       0x0000000000000043       0x44 ./Application/User/register_interface.o
 .comment       0x0000000000000043       0x44 ./Application/User/regular_conversion_manager.o
 .comment       0x0000000000000043       0x44 ./Application/User/stm32f0xx_hal_msp.o
 .comment       0x0000000000000043       0x44 ./Application/User/stm32f0xx_it.o
 .comment       0x0000000000000043       0x44 ./Application/User/stm32f0xx_mc_it.o
 .comment       0x0000000000000043       0x44 ./Application/User/usart_aspep_driver.o
 .comment       0x0000000000000043       0x44 ./Drivers/CMSIS/system_stm32f0xx.o
 .comment       0x0000000000000043       0x44 ./Drivers/STM32F0xx_HAL_Driver/stm32f0xx_hal.o
 .comment       0x0000000000000043       0x44 ./Drivers/STM32F0xx_HAL_Driver/stm32f0xx_hal_adc.o
 .comment       0x0000000000000043       0x44 ./Drivers/STM32F0xx_HAL_Driver/stm32f0xx_hal_cortex.o
 .comment       0x0000000000000043       0x44 ./Drivers/STM32F0xx_HAL_Driver/stm32f0xx_hal_dma.o
 .comment       0x0000000000000043       0x44 ./Drivers/STM32F0xx_HAL_Driver/stm32f0xx_hal_gpio.o
 .comment       0x0000000000000043       0x44 ./Drivers/STM32F0xx_HAL_Driver/stm32f0xx_hal_rcc.o
 .comment       0x0000000000000043       0x44 ./Drivers/STM32F0xx_HAL_Driver/stm32f0xx_hal_rcc_ex.o
 .comment       0x0000000000000043       0x44 ./Drivers/STM32F0xx_HAL_Driver/stm32f0xx_hal_tim.o
 .comment       0x0000000000000043       0x44 ./Drivers/STM32F0xx_HAL_Driver/stm32f0xx_hal_tim_ex.o
 .comment       0x0000000000000043       0x44 ./Drivers/STM32F0xx_HAL_Driver/stm32f0xx_hal_uart.o
 .comment       0x0000000000000043       0x44 ./Middlewares/MotorControl/bus_voltage_sensor.o
 .comment       0x0000000000000043       0x44 ./Middlewares/MotorControl/circle_limitation.o
 .comment       0x0000000000000043       0x44 ./Middlewares/MotorControl/mcpa.o
 .comment       0x0000000000000043       0x44 ./Middlewares/MotorControl/ntc_temperature_sensor.o
 .comment       0x0000000000000043       0x44 ./Middlewares/MotorControl/pid_regulator.o
 .comment       0x0000000000000043       0x44 ./Middlewares/MotorControl/pqd_motor_power_measurement.o
 .comment       0x0000000000000043       0x44 ./Middlewares/MotorControl/pwm_common.o
 .comment       0x0000000000000043       0x44 ./Middlewares/MotorControl/r_divider_bus_voltage_sensor.o
 .comment       0x0000000000000043       0x44 ./Middlewares/MotorControl/ramp_ext_mngr.o
 .comment       0x0000000000000043       0x44 ./Middlewares/MotorControl/speed_pos_fdbk.o
 .comment       0x0000000000000043       0x44 ./Middlewares/MotorControl/speed_torq_ctrl.o

.debug_line     0x0000000000000000    0x3183a
 .debug_line    0x0000000000000000       0x7b ./Application/Startup/startup_stm32f031c6tx.o
 .debug_line    0x000000000000007b     0x131d ./Application/User/aspep.o
 .debug_line    0x0000000000001398     0x1668 ./Application/User/hall_speed_pos_fdbk.o
 .debug_line    0x0000000000002a00     0x1398 ./Application/User/main.o
 .debug_line    0x0000000000003d98     0x1184 ./Application/User/mc_api.o
 .debug_line    0x0000000000004f1c      0x8f2 ./Application/User/mc_app_hooks.o
 .debug_line    0x000000000000580e      0xbb7 ./Application/User/mc_config.o
 .debug_line    0x00000000000063c5      0xa81 ./Application/User/mc_configuration_registers.o
 .debug_line    0x0000000000006e46     0x1830 ./Application/User/mc_interface.o
 .debug_line    0x0000000000008676      0xbd6 ./Application/User/mc_math.o
 .debug_line    0x000000000000924c      0xba8 ./Application/User/mc_parameters.o
 .debug_line    0x0000000000009df4     0x137c ./Application/User/mc_tasks.o
 .debug_line    0x000000000000b170     0x1052 ./Application/User/mcp.o
 .debug_line    0x000000000000c1c2      0x9e9 ./Application/User/mcp_config.o
 .debug_line    0x000000000000cbab      0xbf5 ./Application/User/motorcontrol.o
 .debug_line    0x000000000000d7a0     0x1399 ./Application/User/pwm_curr_fdbk.o
 .debug_line    0x000000000000eb39     0x2670 ./Application/User/r1_ps_pwm_curr_fdbk.o
 .debug_line    0x00000000000111a9     0x1423 ./Application/User/register_interface.o
 .debug_line    0x00000000000125cc     0x1240 ./Application/User/regular_conversion_manager.o
 .debug_line    0x000000000001380c     0x1156 ./Application/User/stm32f0xx_hal_msp.o
 .debug_line    0x0000000000014962      0xbf1 ./Application/User/stm32f0xx_it.o
 .debug_line    0x0000000000015553     0x1201 ./Application/User/stm32f0xx_mc_it.o
 .debug_line    0x0000000000016754      0xd79 ./Application/User/usart_aspep_driver.o
 .debug_line    0x00000000000174cd      0x873 ./Drivers/CMSIS/system_stm32f0xx.o
 .debug_line    0x0000000000017d40      0xb5a ./Drivers/STM32F0xx_HAL_Driver/stm32f0xx_hal.o
 .debug_line    0x000000000001889a     0x1606 ./Drivers/STM32F0xx_HAL_Driver/stm32f0xx_hal_adc.o
 .debug_line    0x0000000000019ea0      0xb97 ./Drivers/STM32F0xx_HAL_Driver/stm32f0xx_hal_cortex.o
 .debug_line    0x000000000001aa37     0x10e8 ./Drivers/STM32F0xx_HAL_Driver/stm32f0xx_hal_dma.o
 .debug_line    0x000000000001bb1f      0xcbb ./Drivers/STM32F0xx_HAL_Driver/stm32f0xx_hal_gpio.o
 .debug_line    0x000000000001c7da     0x1293 ./Drivers/STM32F0xx_HAL_Driver/stm32f0xx_hal_rcc.o
 .debug_line    0x000000000001da6d      0xa92 ./Drivers/STM32F0xx_HAL_Driver/stm32f0xx_hal_rcc_ex.o
 .debug_line    0x000000000001e4ff     0x4cca ./Drivers/STM32F0xx_HAL_Driver/stm32f0xx_hal_tim.o
 .debug_line    0x00000000000231c9     0x1dc4 ./Drivers/STM32F0xx_HAL_Driver/stm32f0xx_hal_tim_ex.o
 .debug_line    0x0000000000024f8d     0x4337 ./Drivers/STM32F0xx_HAL_Driver/stm32f0xx_hal_uart.o
 .debug_line    0x00000000000292c4      0x9ec ./Middlewares/MotorControl/bus_voltage_sensor.o
 .debug_line    0x0000000000029cb0      0xa38 ./Middlewares/MotorControl/circle_limitation.o
 .debug_line    0x000000000002a6e8     0x1139 ./Middlewares/MotorControl/mcpa.o
 .debug_line    0x000000000002b821      0xb2a ./Middlewares/MotorControl/ntc_temperature_sensor.o
 .debug_line    0x000000000002c34b      0xe08 ./Middlewares/MotorControl/pid_regulator.o
 .debug_line    0x000000000002d153      0xa3d ./Middlewares/MotorControl/pqd_motor_power_measurement.o
 .debug_line    0x000000000002db90      0xb3c ./Middlewares/MotorControl/pwm_common.o
 .debug_line    0x000000000002e6cc      0xbbc ./Middlewares/MotorControl/r_divider_bus_voltage_sensor.o
 .debug_line    0x000000000002f288      0xc0e ./Middlewares/MotorControl/ramp_ext_mngr.o
 .debug_line    0x000000000002fe96      0xb64 ./Middlewares/MotorControl/speed_pos_fdbk.o
 .debug_line    0x00000000000309fa      0xe40 ./Middlewares/MotorControl/speed_torq_ctrl.o

.debug_line_str
                0x0000000000000000       0x91
 .debug_line_str
                0x0000000000000000       0x91 ./Application/Startup/startup_stm32f031c6tx.o
                                         0xa9 (size before relaxing)

.debug_info     0x0000000000000000    0x2eedf
 .debug_info    0x0000000000000000       0x23 ./Application/Startup/startup_stm32f031c6tx.o
 .debug_info    0x0000000000000023      0xdaf ./Application/User/aspep.o
 .debug_info    0x0000000000000dd2     0x1353 ./Application/User/hall_speed_pos_fdbk.o
 .debug_info    0x0000000000002125     0x205f ./Application/User/main.o
 .debug_info    0x0000000000004184     0x1a7e ./Application/User/mc_api.o
 .debug_info    0x0000000000005c02      0x156 ./Application/User/mc_app_hooks.o
 .debug_info    0x0000000000005d58     0x1a88 ./Application/User/mc_config.o
 .debug_info    0x00000000000077e0      0x500 ./Application/User/mc_configuration_registers.o
 .debug_info    0x0000000000007ce0     0x20ac ./Application/User/mc_interface.o
 .debug_info    0x0000000000009d8c      0x5ca ./Application/User/mc_math.o
 .debug_info    0x000000000000a356      0x4d1 ./Application/User/mc_parameters.o
 .debug_info    0x000000000000a827     0x2fdd ./Application/User/mc_tasks.o
 .debug_info    0x000000000000d804     0x154a ./Application/User/mcp.o
 .debug_info    0x000000000000ed4e      0xab4 ./Application/User/mcp_config.o
 .debug_info    0x000000000000f802      0xf74 ./Application/User/motorcontrol.o
 .debug_info    0x0000000000010776     0x1419 ./Application/User/pwm_curr_fdbk.o
 .debug_info    0x0000000000011b8f     0x3485 ./Application/User/r1_ps_pwm_curr_fdbk.o
 .debug_info    0x0000000000015014     0x21f7 ./Application/User/register_interface.o
 .debug_info    0x000000000001720b     0x1551 ./Application/User/regular_conversion_manager.o
 .debug_info    0x000000000001875c     0x15a6 ./Application/User/stm32f0xx_hal_msp.o
 .debug_info    0x0000000000019d02      0x15d ./Application/User/stm32f0xx_it.o
 .debug_info    0x0000000000019e5f     0x2101 ./Application/User/stm32f0xx_mc_it.o
 .debug_info    0x000000000001bf60      0xd30 ./Application/User/usart_aspep_driver.o
 .debug_info    0x000000000001cc90      0x268 ./Drivers/CMSIS/system_stm32f0xx.o
 .debug_info    0x000000000001cef8      0x742 ./Drivers/STM32F0xx_HAL_Driver/stm32f0xx_hal.o
 .debug_info    0x000000000001d63a      0xf8f ./Drivers/STM32F0xx_HAL_Driver/stm32f0xx_hal_adc.o
 .debug_info    0x000000000001e5c9      0x80f ./Drivers/STM32F0xx_HAL_Driver/stm32f0xx_hal_cortex.o
 .debug_info    0x000000000001edd8      0x86a ./Drivers/STM32F0xx_HAL_Driver/stm32f0xx_hal_dma.o
 .debug_info    0x000000000001f642      0x600 ./Drivers/STM32F0xx_HAL_Driver/stm32f0xx_hal_gpio.o
 .debug_info    0x000000000001fc42      0xa52 ./Drivers/STM32F0xx_HAL_Driver/stm32f0xx_hal_rcc.o
 .debug_info    0x0000000000020694      0x3b8 ./Drivers/STM32F0xx_HAL_Driver/stm32f0xx_hal_rcc_ex.o
 .debug_info    0x0000000000020a4c     0x405d ./Drivers/STM32F0xx_HAL_Driver/stm32f0xx_hal_tim.o
 .debug_info    0x0000000000024aa9     0x18aa ./Drivers/STM32F0xx_HAL_Driver/stm32f0xx_hal_tim_ex.o
 .debug_info    0x0000000000026353     0x4e52 ./Drivers/STM32F0xx_HAL_Driver/stm32f0xx_hal_uart.o
 .debug_info    0x000000000002b1a5      0x2ac ./Middlewares/MotorControl/bus_voltage_sensor.o
 .debug_info    0x000000000002b451      0x307 ./Middlewares/MotorControl/circle_limitation.o
 .debug_info    0x000000000002b758      0x673 ./Middlewares/MotorControl/mcpa.o
 .debug_info    0x000000000002bdcb      0x46c ./Middlewares/MotorControl/ntc_temperature_sensor.o
 .debug_info    0x000000000002c237      0x8e0 ./Middlewares/MotorControl/pid_regulator.o
 .debug_info    0x000000000002cb17      0x4e3 ./Middlewares/MotorControl/pqd_motor_power_measurement.o
 .debug_info    0x000000000002cffa      0x675 ./Middlewares/MotorControl/pwm_common.o